Archive member included to satisfy reference by file (symbol)

.pio/build/uno_r4_wifi/libFrameworkArduino.a(Serial.cpp.o)
                              .pio/build/uno_r4_wifi/src/main.cpp.o (UART::begin(unsigned long))
.pio/build/uno_r4_wifi/libFrameworkArduino.a(SerialObj1.cpp.o)
                              .pio/build/uno_r4_wifi/src/main.cpp.o (_UART1_)
.pio/build/uno_r4_wifi/libFrameworkArduino.a(analog.cpp.o)
                              .pio/build/uno_r4_wifi/src/main.cpp.o (analogRead)
.pio/build/uno_r4_wifi/libFrameworkArduino.a(Common.cpp.o)
                              .pio/build/uno_r4_wifi/src/main.cpp.o (map(long, long, long, long, long))
.pio/build/uno_r4_wifi/libFrameworkArduino.a(Print.cpp.o)
                              .pio/build/uno_r4_wifi/libFrameworkArduino.a(Serial.cpp.o) (arduino::Print::write(unsigned char const*, unsigned int))
.pio/build/uno_r4_wifi/libFrameworkArduino.a(dac.cpp.o)
                              .pio/build/uno_r4_wifi/libFrameworkArduino.a(analog.cpp.o) (CDac::analogWrite(int))
.pio/build/uno_r4_wifi/libFrameworkArduino.a(digital.cpp.o)
                              .pio/build/uno_r4_wifi/src/main.cpp.o (pinMode)
.pio/build/uno_r4_wifi/libFrameworkArduino.a(main.cpp.o)
                              .pio/build/uno_r4_wifi/libFrameworkArduino.a(Print.cpp.o) (__cxa_pure_virtual)
.pio/build/uno_r4_wifi/libFrameworkArduino.a(pinDefinitions.cpp.o)
                              .pio/build/uno_r4_wifi/libFrameworkArduino.a(analog.cpp.o) (pinPeripheral(e_bsp_io_port_pin_t, unsigned long))
.pio/build/uno_r4_wifi/libFrameworkArduino.a(pwm.cpp.o)
                              .pio/build/uno_r4_wifi/libFrameworkArduino.a(analog.cpp.o) (PwmOut::PwmOut(int))
.pio/build/uno_r4_wifi/libFrameworkArduino.a(time.cpp.o)
                              .pio/build/uno_r4_wifi/libFrameworkArduino.a(analog.cpp.o) (delayMicroseconds)
.pio/build/uno_r4_wifi/libFrameworkArduino.a(variant_helper.cpp.o)
                              .pio/build/uno_r4_wifi/libFrameworkArduino.a(Serial.cpp.o) (getPinCfgs(unsigned char, PinCfgReq_t))
.pio/build/uno_r4_wifi/libFrameworkArduino.a(vector_table.c.o)
                              .pio/build/uno_r4_wifi/libFrameworkArduino.a(main.cpp.o) (g_vector_table)
.pio/build/uno_r4_wifi/libFrameworkArduino.a(FspTimer.cpp.o)
                              .pio/build/uno_r4_wifi/libFrameworkArduino.a(pwm.cpp.o) (FspTimer::FspTimer())
.pio/build/uno_r4_wifi/libFrameworkArduino.a(IRQManager.cpp.o)
                              .pio/build/uno_r4_wifi/libFrameworkArduino.a(Serial.cpp.o) (IRQManager::getInstance())
.pio/build/uno_r4_wifi/libFrameworkArduino.a(cm_backtrace.c.o)
                              .pio/build/uno_r4_wifi/libFrameworkArduino.a(main.cpp.o) (cm_backtrace_init)
.pio/build/uno_r4_wifi/libFrameworkArduino.a(cortex_handlers.c.o)
                              .pio/build/uno_r4_wifi/libFrameworkArduino.a(main.cpp.o) (Stacktrace_Handler)
/Users/ismaelvillenagil/.platformio/packages/framework-arduinorenesas-uno/variants/UNOWIFIR4/libs/libfsp.a(r_spi.o)
                              .pio/build/uno_r4_wifi/libFrameworkArduino.a(IRQManager.cpp.o) (spi_rxi_isr)
/Users/ismaelvillenagil/.platformio/packages/framework-arduinorenesas-uno/variants/UNOWIFIR4/libs/libfsp.a(r_sci_uart.o)
                              .pio/build/uno_r4_wifi/libFrameworkArduino.a(Serial.cpp.o) (R_SCI_UART_Write)
/Users/ismaelvillenagil/.platformio/packages/framework-arduinorenesas-uno/variants/UNOWIFIR4/libs/libfsp.a(r_sci_spi.o)
                              .pio/build/uno_r4_wifi/libFrameworkArduino.a(IRQManager.cpp.o) (sci_spi_txi_isr)
/Users/ismaelvillenagil/.platformio/packages/framework-arduinorenesas-uno/variants/UNOWIFIR4/libs/libfsp.a(r_sci_i2c.o)
                              .pio/build/uno_r4_wifi/libFrameworkArduino.a(IRQManager.cpp.o) (sci_i2c_rxi_isr)
/Users/ismaelvillenagil/.platformio/packages/framework-arduinorenesas-uno/variants/UNOWIFIR4/libs/libfsp.a(r_rtc.o)
                              .pio/build/uno_r4_wifi/libFrameworkArduino.a(IRQManager.cpp.o) (rtc_alarm_periodic_isr)
/Users/ismaelvillenagil/.platformio/packages/framework-arduinorenesas-uno/variants/UNOWIFIR4/libs/libfsp.a(r_ioport.o)
                              .pio/build/uno_r4_wifi/libFrameworkArduino.a(digital.cpp.o) (R_IOPORT_PinRead)
/Users/ismaelvillenagil/.platformio/packages/framework-arduinorenesas-uno/variants/UNOWIFIR4/libs/libfsp.a(r_iic_slave.o)
                              .pio/build/uno_r4_wifi/libFrameworkArduino.a(IRQManager.cpp.o) (iic_slave_rxi_isr)
/Users/ismaelvillenagil/.platformio/packages/framework-arduinorenesas-uno/variants/UNOWIFIR4/libs/libfsp.a(r_iic_master.o)
                              .pio/build/uno_r4_wifi/libFrameworkArduino.a(IRQManager.cpp.o) (iic_master_rxi_isr)
/Users/ismaelvillenagil/.platformio/packages/framework-arduinorenesas-uno/variants/UNOWIFIR4/libs/libfsp.a(r_icu.o)
[...]
Memory Configuration

Name             Origin             Length             Attributes
FLASH            0x0000000000004000 0x000000000003c000 xr
RAM              0x0000000020000000 0x0000000000008000 xrw
DATA_FLASH       0x0000000040100000 0x0000000000002000 xr
OPTION_SETTING   0x0000000000000000 0x0000000000000000 r
OPTION_SETTING_S 0x0000000000000000 0x0000000000000000 r
ID_CODE          0x0000000001010018 0x0000000000000020 xr
*default*        0x0000000000000000 0xffffffffffffffff

Linker script and memory map

LOAD .pio/build/uno_r4_wifi/src/main.cpp.o
START GROUP
LOAD .pio/build/uno_r4_wifi/libFrameworkArduinoVariant.a
LOAD .pio/build/uno_r4_wifi/libFrameworkArduino.a
LOAD /Users/ismaelvillenagil/.platformio/packages/framework-arduinorenesas-uno/variants/UNOWIFIR4/libs/libfsp.a
LOAD /Users/ismaelvillenagil/.platformio/packages/toolchain-gccarmnoneeabi/bin/../lib/gcc/arm-none-eabi/10.3.1/../../../../arm-none-eabi/lib/thumb/v7e-m+fp/hard/libstdc++_nano.a
LOAD /Users/ismaelvillenagil/.platformio/packages/toolchain-gccarmnoneeabi/bin/../lib/gcc/arm-none-eabi/10.3.1/../../../../arm-none-eabi/lib/thumb/v7e-m+fp/hard/libsupc++_nano.a
LOAD /Users/ismaelvillenagil/.platformio/packages/toolchain-gccarmnoneeabi/bin/../lib/gcc/arm-none-eabi/10.3.1/../../../../arm-none-eabi/lib/thumb/v7e-m+fp/hard/libm.a
LOAD /Users/ismaelvillenagil/.platformio/packages/toolchain-gccarmnoneeabi/bin/../lib/gcc/arm-none-eabi/10.3.1/../../../../arm-none-eabi/lib/thumb/v7e-m+fp/hard/libc_nano.a
LOAD /Users/ismaelvillenagil/.platformio/packages/toolchain-gccarmnoneeabi/bin/../lib/gcc/arm-none-eabi/10.3.1/thumb/v7e-m+fp/hard/libgcc.a
LOAD /Users/ismaelvillenagil/.platformio/packages/toolchain-gccarmnoneeabi/bin/../lib/gcc/arm-none-eabi/10.3.1/../../../../arm-none-eabi/lib/thumb/v7e-m+fp/hard/libnosys.a
END GROUP
                0x0000000020000000                RAM_START = 0x20000000
                0x0000000000008000                RAM_LENGTH = 0x8000
                0x0000000000000000                FLASH_START = 0x0
                0x0000000000040000                FLASH_LENGTH = 0x40000
                0x0000000040100000                DATA_FLASH_START = 0x40100000
                0x0000000000002000                DATA_FLASH_LENGTH = 0x2000
                0x0000000000000000                OPTION_SETTING_START = 0x0
                0x0000000000000000                OPTION_SETTING_LENGTH = 0x0
                0x0000000000000000                OPTION_SETTING_S_START = 0x0
                0x0000000000000000                OPTION_SETTING_S_LENGTH = 0x0
                0x0000000001010018                ID_CODE_START = 0x1010018
                0x0000000000000020                ID_CODE_LENGTH = 0x20
                0x0000000090000000                SDRAM_START = 0x90000000
                0x0000000000000000                SDRAM_LENGTH = 0x0
                0x0000000060000000                QSPI_FLASH_START = 0x60000000
                0x0000000000000000                QSPI_FLASH_LENGTH = 0x0
                0x0000000068000000                OSPI_DEVICE_0_START = 0x68000000
                0x0000000000000000                OSPI_DEVICE_0_LENGTH = 0x0
                0x0000000070000000                OSPI_DEVICE_1_START = 0x70000000
                0x0000000000000000                OSPI_DEVICE_1_LENGTH = 0x0
                0x0000000000004000                FLASH_IMAGE_START = 0x4000
                0x0000000000000100                VECTOR_TABLE_LENGTH = 0x100
                0x0000000000000400                BSP_CFG_STACK_MAIN_BYTES = 0x400
START GROUP
LOAD /Users/ismaelvillenagil/.platformio/packages/toolchain-gccarmnoneeabi/bin/../lib/gcc/arm-none-eabi/10.3.1/thumb/v7e-m+fp/hard/libgcc.a
LOAD /Users/ismaelvillenagil/.platformio/packages/toolchain-gccarmnoneeabi/bin/../lib/gcc/arm-none-eabi/10.3.1/../../../../arm-none-eabi/lib/thumb/v7e-m+fp/hard/libc.a
LOAD /Users/ismaelvillenagil/.platformio/packages/toolchain-gccarmnoneeabi/bin/../lib/gcc/arm-none-eabi/10.3.1/../../../../arm-none-eabi/lib/thumb/v7e-m+fp/hard/libm.a
LOAD /Users/ismaelvillenagil/.platformio/packages/toolchain-gccarmnoneeabi/bin/../lib/gcc/arm-none-eabi/10.3.1/../../../../arm-none-eabi/lib/thumb/v7e-m+fp/hard/libnosys.a
END GROUP

.text           0x0000000000004000     0x8f60
                0x0000000000000000                __tz_FLASH_S = ABSOLUTE (FLASH_START)
                0x0000000000004000                __ROM_Start = .
 *(.sketch_boot)
                0x0000000000004000                . = ALIGN (0x800)
 *(.fixed_vectors*)
 .fixed_vectors
                0x0000000000004000       0x40 /Users/ismaelvillenagil/.platformio/packages/framework-arduinorenesas-uno/variants/UNOWIFIR4/libs/libfsp.a(startup.o)
                0x0000000000004000                __Vectors
 *(.application_vectors*)
 .application_vectors
                0x0000000000004040       0x80 .pio/build/uno_r4_wifi/libFrameworkArduino.a(vector_table.c.o)
                0x0000000000004040                g_vector_table
                0x00000000000040c0                __Vectors_End = .
 *(.text*)
 .text.loop     0x00000000000040c0       0xb8 .pio/build/uno_r4_wifi/src/main.cpp.o
                0x00000000000040c0                loop
 .text.setup    0x0000000000004178       0x2c .pio/build/uno_r4_wifi/src/main.cpp.o
                0x0000000000004178                setup
 .text._ZN7arduino5Print17availableForWriteEv
                0x00000000000041a4        0x4 .pio/build/uno_r4_wifi/libFrameworkArduino.a(Serial.cpp.o)
                0x00000000000041a4                arduino::Print::availableForWrite()
 .text._ZN4UARTcvbEv
                0x00000000000041a8        0x4 .pio/build/uno_r4_wifi/libFrameworkArduino.a(Serial.cpp.o)
                0x00000000000041a8                UART::operator bool()
 .text._ZN4UART5beginEm
                0x00000000000041ac        0xa .pio/build/uno_r4_wifi/libFrameworkArduino.a(Serial.cpp.o)
                0x00000000000041ac                UART::begin(unsigned long)
 .text._ZN4UART4peekEv
                0x00000000000041b6       0x18 .pio/build/uno_r4_wifi/libFrameworkArduino.a(Serial.cpp.o)
                0x00000000000041b6                UART::peek()
 .text._ZN4UART5writeEh
                0x00000000000041ce       0x30 .pio/build/uno_r4_wifi/libFrameworkArduino.a(Serial.cpp.o)
                0x00000000000041ce                UART::write(unsigned char)
 .text._ZN4UART3endEv
                0x00000000000041fe       0x22 .pio/build/uno_r4_wifi/libFrameworkArduino.a(Serial.cpp.o)
                0x00000000000041fe                UART::end()
 .text._ZN7__GuardD2Ev
                0x0000000000004220        0xc .pio/build/uno_r4_wifi/libFrameworkArduino.a(Serial.cpp.o)
                0x0000000000004220                __Guard::~__Guard()
                0x0000000000004220                __Guard::~__Guard()
 .text._ZN4UART15WrapperCallbackEP20st_uart_callback_arg
                0x000000000000422c       0x88 .pio/build/uno_r4_wifi/libFrameworkArduino.a(Serial.cpp.o)
                0x000000000000422c                UART::WrapperCallback(st_uart_callback_arg*)
 .text._ZN4UART4readEv
                0x00000000000042b4       0x5c .pio/build/uno_r4_wifi/libFrameworkArduino.a(Serial.cpp.o)
                0x00000000000042b4                UART::read()
 .text._ZN4UARTC2Eiiii
                0x0000000000004310       0x70 .pio/build/uno_r4_wifi/libFrameworkArduino.a(Serial.cpp.o)
                0x0000000000004310                UART::UART(int, int, int, int)
                0x0000000000004310                UART::UART(int, int, int, int)
 .text._ZN4UART13setUpUartIrqsER11st_uart_cfg
                0x0000000000004380       0x16 .pio/build/uno_r4_wifi/libFrameworkArduino.a(Serial.cpp.o)
                0x0000000000004380                UART::setUpUartIrqs(st_uart_cfg&)
 *fill*         0x0000000000004396        0x2 ff
 .text._ZN4UART8cfg_pinsEi
                0x0000000000004398       0xf0 .pio/build/uno_r4_wifi/libFrameworkArduino.a(Serial.cpp.o)
                0x0000000000004398                UART::cfg_pins(int)
 .text._ZN4UART5beginEmt
                0x0000000000004488      0x194 .pio/build/uno_r4_wifi/libFrameworkArduino.a(Serial.cpp.o)
                0x0000000000004488                UART::begin(unsigned long, unsigned short)
 .text._ZN4UART9write_rawEPhj
                0x000000000000461c       0x1e .pio/build/uno_r4_wifi/libFrameworkArduino.a(Serial.cpp.o)
                0x000000000000461c                UART::write_raw(unsigned char*, unsigned int)
 .text._ZN7arduino15SafeRingBufferNILi512EE9availableEv
                0x000000000000463a       0x32 .pio/build/uno_r4_wifi/libFrameworkArduino.a(Serial.cpp.o)
                0x000000000000463a                arduino::SafeRingBufferN<512>::available()
 .text._ZN4UART9availableEv
                0x000000000000466c        0xa .pio/build/uno_r4_wifi/libFrameworkArduino.a(Serial.cpp.o)
                0x000000000000466c                UART::available()
 .text._ZN4UART5flushEv
                0x0000000000004676       0x12 .pio/build/uno_r4_wifi/libFrameworkArduino.a(Serial.cpp.o)
                0x0000000000004676                UART::flush()
 .text.startup._GLOBAL__sub_I__UART1_
                0x0000000000004688       0x1c .pio/build/uno_r4_wifi/libFrameworkArduino.a(SerialObj1.cpp.o)
 .text._ZL13readAllGroupAP13ADC_Container
                0x00000000000046a4       0x30 .pio/build/uno_r4_wifi/libFrameworkArduino.a(analog.cpp.o)
 .text._ZL11ADC_irq_cbkP20st_adc_callback_args
                0x00000000000046d4       0x58 .pio/build/uno_r4_wifi/libFrameworkArduino.a(analog.cpp.o)
 .text._ZL10adcConvertP13ADC_Containert
                0x000000000000472c       0xa0 .pio/build/uno_r4_wifi/libFrameworkArduino.a(analog.cpp.o)
 .text._ZL21get_ADC_container_ptrlRt.constprop.0
                0x00000000000047cc       0x38 .pio/build/uno_r4_wifi/libFrameworkArduino.a(analog.cpp.o)
 .text._ZN13ADC_ContainerC2EhPFvP20st_adc_callback_argsEPv
                0x0000000000004804       0x40 .pio/build/uno_r4_wifi/libFrameworkArduino.a(analog.cpp.o)
                0x0000000000004804                ADC_Container::ADC_Container(unsigned char, void (*)(st_adc_callback_args*), void*)
                0x0000000000004804                ADC_Container::ADC_Container(unsigned char, void (*)(st_adc_callback_args*), void*)
 .text._ZN13ADC_ContainerD2Ev
                0x0000000000004844       0x12 .pio/build/uno_r4_wifi/libFrameworkArduino.a(analog.cpp.o)
                0x0000000000004844                ADC_Container::~ADC_Container()
                0x0000000000004844                ADC_Container::~ADC_Container()
 *fill*         0x0000000000004856        0x2 ff
 .text.analogRead
                0x0000000000004858       0x40 .pio/build/uno_r4_wifi/libFrameworkArduino.a(analog.cpp.o)
                0x0000000000004858                analogRead
 .text.analogReference
                0x0000000000004898       0x5c .pio/build/uno_r4_wifi/libFrameworkArduino.a(analog.cpp.o)
                0x0000000000004898                analogReference
 *fill*         0x00000000000048f4        0x4 ff
 .text._Z15analogReferencev
                0x00000000000048f8      0x104 .pio/build/uno_r4_wifi/libFrameworkArduino.a(analog.cpp.o)
                0x00000000000048f8                analogReference()
 .text._Z21analogWriteResolutionv
                0x00000000000049fc        0xc .pio/build/uno_r4_wifi/libFrameworkArduino.a(analog.cpp.o)
                0x00000000000049fc                analogWriteResolution()
 .text.analogWrite
                0x0000000000004a08      0x120 .pio/build/uno_r4_wifi/libFrameworkArduino.a(analog.cpp.o)
                0x0000000000004a08                analogWrite
 .text._Z23__get_timer_for_channeli
                0x0000000000004b28       0x2c .pio/build/uno_r4_wifi/libFrameworkArduino.a(analog.cpp.o)
                0x0000000000004b28                __get_timer_for_channel(int)
 .text.startup._GLOBAL__sub_I__ZN13ADC_ContainerC2EhPFvP20st_adc_callback_argsEPv
                0x0000000000004b54       0x48 .pio/build/uno_r4_wifi/libFrameworkArduino.a(analog.cpp.o)
 .text.exit._GLOBAL__sub_D__ZN13ADC_ContainerC2EhPFvP20st_adc_callback_argsEPv
                0x0000000000004b9c       0x1c .pio/build/uno_r4_wifi/libFrameworkArduino.a(analog.cpp.o)
 .text._Z3maplllll
                0x0000000000004bb8       0x14 .pio/build/uno_r4_wifi/libFrameworkArduino.a(Common.cpp.o)
                0x0000000000004bb8                map(long, long, long, long, long)
 .text._ZN7arduino5Print5writeEPKhj
                0x0000000000004bcc       0x2a .pio/build/uno_r4_wifi/libFrameworkArduino.a(Print.cpp.o)
                0x0000000000004bcc                arduino::Print::write(unsigned char const*, unsigned int)
 .text._ZN7arduino5Print5writeEPKc.part.0
                0x0000000000004bf6       0x20 .pio/build/uno_r4_wifi/libFrameworkArduino.a(Print.cpp.o)
 .text._ZN7arduino5Print5writeEPKc
                0x0000000000004c16        0xa .pio/build/uno_r4_wifi/libFrameworkArduino.a(Print.cpp.o)
                0x0000000000004c16                arduino::Print::write(char const*)
 .text._ZN7arduino5Print5printEPKc
                0x0000000000004c20        0x8 .pio/build/uno_r4_wifi/libFrameworkArduino.a(Print.cpp.o)
                0x0000000000004c20                arduino::Print::print(char const*)
 .text._ZN7arduino5Print5printEc
                0x0000000000004c28        0x8 .pio/build/uno_r4_wifi/libFrameworkArduino.a(Print.cpp.o)
                0x0000000000004c28                arduino::Print::print(char)
 .text._ZN7arduino5Print7printlnEv
                0x0000000000004c30        0xc .pio/build/uno_r4_wifi/libFrameworkArduino.a(Print.cpp.o)
                0x0000000000004c30                arduino::Print::println()
 .text._ZN7arduino5Print11printNumberEmh
                0x0000000000004c3c       0x3e .pio/build/uno_r4_wifi/libFrameworkArduino.a(Print.cpp.o)
                0x0000000000004c3c                arduino::Print::printNumber(unsigned long, unsigned char)
 .text._ZN7arduino5Print5printEli
                0x0000000000004c7a       0x44 .pio/build/uno_r4_wifi/libFrameworkArduino.a(Print.cpp.o)
                0x0000000000004c7a                arduino::Print::print(long, int)
 .text._ZN7arduino5Print5printEii
                0x0000000000004cbe        0x4 .pio/build/uno_r4_wifi/libFrameworkArduino.a(Print.cpp.o)
                0x0000000000004cbe                arduino::Print::print(int, int)
 .text._ZN7arduino5Print7printlnEii
                0x0000000000004cc2       0x14 .pio/build/uno_r4_wifi/libFrameworkArduino.a(Print.cpp.o)
                0x0000000000004cc2                arduino::Print::println(int, int)
 *fill*         0x0000000000004cd6        0x2 ff
 .text._ZN4CDacC2Eh
                0x0000000000004cd8       0x68 .pio/build/uno_r4_wifi/libFrameworkArduino.a(dac.cpp.o)
                0x0000000000004cd8                CDac::CDac(unsigned char)
                0x0000000000004cd8                CDac::CDac(unsigned char)
 .text._ZN4CDac11analogWriteEi
                0x0000000000004d40       0x88 .pio/build/uno_r4_wifi/libFrameworkArduino.a(dac.cpp.o)
                0x0000000000004d40                CDac::analogWrite(int)
 .text.startup._GLOBAL__sub_I__ZN4CDacC2Eh
                0x0000000000004dc8        0xc .pio/build/uno_r4_wifi/libFrameworkArduino.a(dac.cpp.o)
 .text.pinMode  0x0000000000004dd4       0x30 .pio/build/uno_r4_wifi/libFrameworkArduino.a(digital.cpp.o)
                0x0000000000004dd4                pinMode
 .text.digitalWrite
                0x0000000000004e04       0x18 .pio/build/uno_r4_wifi/libFrameworkArduino.a(digital.cpp.o)
                0x0000000000004e04                digitalWrite
 .text.R_BSP_PinAccessEnable
                0x0000000000004e1c       0x2c .pio/build/uno_r4_wifi/libFrameworkArduino.a(main.cpp.o)
 .text._Z12arduino_mainv
                0x0000000000004e48       0x90 .pio/build/uno_r4_wifi/libFrameworkArduino.a(main.cpp.o)
                0x0000000000004e48                arduino_main()
 .text._write   0x0000000000004ed8        0xc .pio/build/uno_r4_wifi/libFrameworkArduino.a(main.cpp.o)
                0x0000000000004ed8                _write
 .text.hal_entry
                0x0000000000004ee4        0x6 .pio/build/uno_r4_wifi/libFrameworkArduino.a(main.cpp.o)
                0x0000000000004ee4                hal_entry
 .text.atexit   0x0000000000004eea        0x4 .pio/build/uno_r4_wifi/libFrameworkArduino.a(main.cpp.o)
                0x0000000000004eea                atexit
 *fill*         0x0000000000004eee        0x2 ff
 .text._Z13pinPeripheral19e_bsp_io_port_pin_tm
                0x0000000000004ef0       0x10 .pio/build/uno_r4_wifi/libFrameworkArduino.a(pinDefinitions.cpp.o)
                0x0000000000004ef0                pinPeripheral(e_bsp_io_port_pin_t, unsigned long)
 .text._ZN6PwmOutC2Ei
                0x0000000000004f00       0x14 .pio/build/uno_r4_wifi/libFrameworkArduino.a(pwm.cpp.o)
                0x0000000000004f00                PwmOut::PwmOut(int)
                0x0000000000004f00                PwmOut::PwmOut(int)
 .text._ZN6PwmOutD2Ev
                0x0000000000004f14        0xe .pio/build/uno_r4_wifi/libFrameworkArduino.a(pwm.cpp.o)
                0x0000000000004f14                PwmOut::~PwmOut()
                0x0000000000004f14                PwmOut::~PwmOut()
 *fill*         0x0000000000004f22        0x2 ff
 .text._ZN6PwmOut7cfg_pinEi
                0x0000000000004f24       0x74 .pio/build/uno_r4_wifi/libFrameworkArduino.a(pwm.cpp.o)
                0x0000000000004f24                PwmOut::cfg_pin(int)
 .text._ZN6PwmOut5beginEv
                0x0000000000004f98       0x28 .pio/build/uno_r4_wifi/libFrameworkArduino.a(pwm.cpp.o)
                0x0000000000004f98                PwmOut::begin()
 .text._ZN6PwmOut14pulseWidth_rawEi
                0x0000000000004fc0        0x8 .pio/build/uno_r4_wifi/libFrameworkArduino.a(pwm.cpp.o)
                0x0000000000004fc0                PwmOut::pulseWidth_raw(int)
 .text._ZN6PwmOut10pulse_percEf
                0x0000000000004fc8       0x40 .pio/build/uno_r4_wifi/libFrameworkArduino.a(pwm.cpp.o)
                0x0000000000004fc8                PwmOut::pulse_perc(float)
 .text._ZN6PwmOut3endEv
                0x0000000000005008       0x10 .pio/build/uno_r4_wifi/libFrameworkArduino.a(pwm.cpp.o)
                0x0000000000005008                PwmOut::end()
 .text._ZL21timer_micros_callbackP22st_timer_callback_args
                0x0000000000005018       0x10 .pio/build/uno_r4_wifi/libFrameworkArduino.a(time.cpp.o)
 .text.delayMicroseconds
                0x0000000000005028        0x6 .pio/build/uno_r4_wifi/libFrameworkArduino.a(time.cpp.o)
                0x0000000000005028                delayMicroseconds
 *fill*         0x000000000000502e        0x2 ff
 .text._Z8startAgtv
                0x0000000000005030       0x6c .pio/build/uno_r4_wifi/libFrameworkArduino.a(time.cpp.o)
                0x0000000000005030                startAgt()
 .text.startup._GLOBAL__sub_I_delayMicroseconds
                0x000000000000509c        0xc .pio/build/uno_r4_wifi/libFrameworkArduino.a(time.cpp.o)
 .text.exit._GLOBAL__sub_D_delayMicroseconds
                0x00000000000050a8        0xc .pio/build/uno_r4_wifi/libFrameworkArduino.a(time.cpp.o)
 .text._Z10getPinCfgsh11PinCfgReq_t
                0x00000000000050b4       0xe0 .pio/build/uno_r4_wifi/libFrameworkArduino.a(variant_helper.cpp.o)
                0x00000000000050b4                getPinCfgs(unsigned char, PinCfgReq_t)
 .text.R_FSP_SystemClockHzGet
                0x0000000000005194       0x24 .pio/build/uno_r4_wifi/libFrameworkArduino.a(FspTimer.cpp.o)
 .text._ZN8FspTimerC2Ev
                0x00000000000051b8       0x18 .pio/build/uno_r4_wifi/libFrameworkArduino.a(FspTimer.cpp.o)
                0x00000000000051b8                FspTimer::FspTimer()
                0x00000000000051b8                FspTimer::FspTimer()
 .text._ZN8FspTimer5beginE12e_timer_modehhmm18e_timer_source_divPFvP22st_timer_callback_argsEPv
                0x00000000000051d0      0x13c .pio/build/uno_r4_wifi/libFrameworkArduino.a(FspTimer.cpp.o)
                0x00000000000051d0                FspTimer::begin(e_timer_mode, unsigned char, unsigned char, unsigned long, unsigned long, e_timer_source_div, void (*)(st_timer_callback_args*), void*)
 .text._ZN8FspTimer17set_period_countsEhfm
                0x000000000000530c      0x1fc .pio/build/uno_r4_wifi/libFrameworkArduino.a(FspTimer.cpp.o)
                0x000000000000530c                FspTimer::set_period_counts(unsigned char, float, unsigned long)
 .text._ZN8FspTimer5beginE12e_timer_modehhffPFvP22st_timer_callback_argsEPv
                0x0000000000005508       0xc0 .pio/build/uno_r4_wifi/libFrameworkArduino.a(FspTimer.cpp.o)
                0x0000000000005508                FspTimer::begin(e_timer_mode, unsigned char, unsigned char, float, float, void (*)(st_timer_callback_args*), void*)
 .text._ZN8FspTimer18enable_pwm_channelE17TimerPWMChannel_t
                0x00000000000055c8       0x36 .pio/build/uno_r4_wifi/libFrameworkArduino.a(FspTimer.cpp.o)
                0x00000000000055c8                FspTimer::enable_pwm_channel(TimerPWMChannel_t)
 .text._ZN8FspTimer14get_period_rawEv
                0x00000000000055fe       0x2c .pio/build/uno_r4_wifi/libFrameworkArduino.a(FspTimer.cpp.o)
                0x00000000000055fe                FspTimer::get_period_raw()
 .text._ZN8FspTimer20add_pwm_extended_cfgEv
                0x000000000000562a       0x2c .pio/build/uno_r4_wifi/libFrameworkArduino.a(FspTimer.cpp.o)
                0x000000000000562a                FspTimer::add_pwm_extended_cfg()
 .text._ZN8FspTimer4openEv
                0x0000000000005656       0x52 .pio/build/uno_r4_wifi/libFrameworkArduino.a(FspTimer.cpp.o)
                0x0000000000005656                FspTimer::open()
 .text._ZN8FspTimer5startEv
                0x00000000000056a8       0x2e .pio/build/uno_r4_wifi/libFrameworkArduino.a(FspTimer.cpp.o)
                0x00000000000056a8                FspTimer::start()
 *fill*         0x00000000000056d6        0x2 ff
 .text._ZN8FspTimer9begin_pwmEhh17TimerPWMChannel_t
                0x00000000000056d8       0x60 .pio/build/uno_r4_wifi/libFrameworkArduino.a(FspTimer.cpp.o)
                0x00000000000056d8                FspTimer::begin_pwm(unsigned char, unsigned char, TimerPWMChannel_t)
 .text._ZN8FspTimer14set_duty_cycleEm17TimerPWMChannel_t
                0x0000000000005738       0x3c .pio/build/uno_r4_wifi/libFrameworkArduino.a(FspTimer.cpp.o)
                0x0000000000005738                FspTimer::set_duty_cycle(unsigned long, TimerPWMChannel_t)
 .text._ZN8FspTimer5closeEv
                0x0000000000005774       0x2e .pio/build/uno_r4_wifi/libFrameworkArduino.a(FspTimer.cpp.o)
                0x0000000000005774                FspTimer::close()
 *fill*         0x00000000000057a2        0x2 ff
 .text._ZN8FspTimer3endEv
                0x00000000000057a4       0x48 .pio/build/uno_r4_wifi/libFrameworkArduino.a(FspTimer.cpp.o)
                0x00000000000057a4                FspTimer::end()
 .text._ZN8FspTimerD2Ev
                0x00000000000057ec        0xc .pio/build/uno_r4_wifi/libFrameworkArduino.a(FspTimer.cpp.o)
                0x00000000000057ec                FspTimer::~FspTimer()
                0x00000000000057ec                FspTimer::~FspTimer()
 .text._ZN8FspTimer15get_cfg_for_irqEv
                0x00000000000057f8       0x14 .pio/build/uno_r4_wifi/libFrameworkArduino.a(FspTimer.cpp.o)
                0x00000000000057f8                FspTimer::get_cfg_for_irq()
 .text._ZN8FspTimer9is_openedEv
                0x000000000000580c       0x18 .pio/build/uno_r4_wifi/libFrameworkArduino.a(FspTimer.cpp.o)
                0x000000000000580c                FspTimer::is_opened()
 .text._ZN8FspTimer18setup_overflow_irqEhPFvvE
                0x0000000000005824       0x4e .pio/build/uno_r4_wifi/libFrameworkArduino.a(FspTimer.cpp.o)
                0x0000000000005824                FspTimer::setup_overflow_irq(unsigned char, void (*)())
 *fill*         0x0000000000005872        0x2 ff
 .text.R_BSP_IrqCfg
                0x0000000000005874       0x1c .pio/build/uno_r4_wifi/libFrameworkArduino.a(IRQManager.cpp.o)
 .text.R_BSP_IrqEnable
                0x0000000000005890       0x34 .pio/build/uno_r4_wifi/libFrameworkArduino.a(IRQManager.cpp.o)
 .text.R_BSP_IrqDisable
                0x00000000000058c4       0x24 .pio/build/uno_r4_wifi/libFrameworkArduino.a(IRQManager.cpp.o)
 .text.__tcf_0  0x00000000000058e8        0x2 .pio/build/uno_r4_wifi/libFrameworkArduino.a(IRQManager.cpp.o)
 *fill*         0x00000000000058ea        0x2 ff
 .text.__NVIC_SetPriority.constprop.0
                0x00000000000058ec       0x24 .pio/build/uno_r4_wifi/libFrameworkArduino.a(IRQManager.cpp.o)
 .text._ZN10IRQManager11getInstanceEv
                0x0000000000005910       0x38 .pio/build/uno_r4_wifi/libFrameworkArduino.a(IRQManager.cpp.o)
                0x0000000000005910                IRQManager::getInstance()
 .text._ZN10IRQManager18set_ext_link_eventEii
                0x0000000000005948       0xc8 .pio/build/uno_r4_wifi/libFrameworkArduino.a(IRQManager.cpp.o)
                0x0000000000005948                IRQManager::set_ext_link_event(int, int)
 .text._ZN10IRQManager23set_gpt_over_link_eventEii
                0x0000000000005a10       0x70 .pio/build/uno_r4_wifi/libFrameworkArduino.a(IRQManager.cpp.o)
                0x0000000000005a10                IRQManager::set_gpt_over_link_event(int, int)
 .text._ZN10IRQManager18set_agt_link_eventEii
                0x0000000000005a80       0x28 .pio/build/uno_r4_wifi/libFrameworkArduino.a(IRQManager.cpp.o)
                0x0000000000005a80                IRQManager::set_agt_link_event(int, int)
 .text._ZN10IRQManager16addTimerOverflowER5timerPFvvE
                0x0000000000005aa8       0x7c .pio/build/uno_r4_wifi/libFrameworkArduino.a(IRQManager.cpp.o)
                0x0000000000005aa8                IRQManager::addTimerOverflow(timer&, void (*)())
 .text._ZN10IRQManager21set_iic_tx_link_eventEii
                0x0000000000005b24       0x20 .pio/build/uno_r4_wifi/libFrameworkArduino.a(IRQManager.cpp.o)
                0x0000000000005b24                IRQManager::set_iic_tx_link_event(int, int)
 .text._ZN10IRQManager21set_iic_rx_link_eventEii
                0x0000000000005b44       0x20 .pio/build/uno_r4_wifi/libFrameworkArduino.a(IRQManager.cpp.o)
                0x0000000000005b44                IRQManager::set_iic_rx_link_event(int, int)
 .text._ZN10IRQManager22set_iic_tei_link_eventEii
                0x0000000000005b64       0x20 .pio/build/uno_r4_wifi/libFrameworkArduino.a(IRQManager.cpp.o)
                0x0000000000005b64                IRQManager::set_iic_tei_link_event(int, int)
 .text._ZN10IRQManager22set_iic_eri_link_eventEii
                0x0000000000005b84       0x20 .pio/build/uno_r4_wifi/libFrameworkArduino.a(IRQManager.cpp.o)
                0x0000000000005b84                IRQManager::set_iic_eri_link_event(int, int)
 .text._ZN10IRQManager21set_sci_tx_link_eventEii
                0x0000000000005ba4       0x38 .pio/build/uno_r4_wifi/libFrameworkArduino.a(IRQManager.cpp.o)
                0x0000000000005ba4                IRQManager::set_sci_tx_link_event(int, int)
 .text._ZN10IRQManager21set_sci_rx_link_eventEii
                0x0000000000005bdc       0x38 .pio/build/uno_r4_wifi/libFrameworkArduino.a(IRQManager.cpp.o)
                0x0000000000005bdc                IRQManager::set_sci_rx_link_event(int, int)
 .text._ZN10IRQManager22set_sci_tei_link_eventEii
                0x0000000000005c14       0x38 .pio/build/uno_r4_wifi/libFrameworkArduino.a(IRQManager.cpp.o)
                0x0000000000005c14                IRQManager::set_sci_tei_link_event(int, int)
 .text._ZN10IRQManager22set_sci_eri_link_eventEii
                0x0000000000005c4c       0x38 .pio/build/uno_r4_wifi/libFrameworkArduino.a(IRQManager.cpp.o)
                0x0000000000005c4c                IRQManager::set_sci_eri_link_event(int, int)
 .text._ZN10IRQManager21set_spi_tx_link_eventEii
                0x0000000000005c84       0x20 .pio/build/uno_r4_wifi/libFrameworkArduino.a(IRQManager.cpp.o)
                0x0000000000005c84                IRQManager::set_spi_tx_link_event(int, int)
 .text._ZN10IRQManager21set_spi_rx_link_eventEii
                0x0000000000005ca4       0x20 .pio/build/uno_r4_wifi/libFrameworkArduino.a(IRQManager.cpp.o)
                0x0000000000005ca4                IRQManager::set_spi_rx_link_event(int, int)
 .text._ZN10IRQManager22set_spi_tei_link_eventEii
                0x0000000000005cc4       0x20 .pio/build/uno_r4_wifi/libFrameworkArduino.a(IRQManager.cpp.o)
                0x0000000000005cc4                IRQManager::set_spi_tei_link_event(int, int)
 .text._ZN10IRQManager22set_spi_eri_link_eventEii
                0x0000000000005ce4       0x20 .pio/build/uno_r4_wifi/libFrameworkArduino.a(IRQManager.cpp.o)
                0x0000000000005ce4                IRQManager::set_spi_eri_link_event(int, int)
 .text._ZN10IRQManager13addPeripheralE12Peripheral_tPv
                0x0000000000005d04      0x7a8 .pio/build/uno_r4_wifi/libFrameworkArduino.a(IRQManager.cpp.o)
                0x0000000000005d04                IRQManager::addPeripheral(Peripheral_t, void*)
 .text.dump_stack
                0x00000000000064ac       0x7c .pio/build/uno_r4_wifi/libFrameworkArduino.a(cm_backtrace.c.o)
 .text.cm_backtrace_init
                0x0000000000006528       0x74 .pio/build/uno_r4_wifi/libFrameworkArduino.a(cm_backtrace.c.o)
                0x0000000000006528                cm_backtrace_init
 .text.cm_backtrace_firmware_info
                0x000000000000659c       0x2c .pio/build/uno_r4_wifi/libFrameworkArduino.a(cm_backtrace.c.o)
                0x000000000000659c                cm_backtrace_firmware_info
 .text.cm_backtrace_call_stack
                0x00000000000065c8       0xec .pio/build/uno_r4_wifi/libFrameworkArduino.a(cm_backtrace.c.o)
                0x00000000000065c8                cm_backtrace_call_stack
 .text.print_call_stack
                0x00000000000066b4       0x94 .pio/build/uno_r4_wifi/libFrameworkArduino.a(cm_backtrace.c.o)
 .text.cm_backtrace_fault
                0x0000000000006748      0x45c .pio/build/uno_r4_wifi/libFrameworkArduino.a(cm_backtrace.c.o)
                0x0000000000006748                cm_backtrace_fault
 .text.Stacktrace_Handler
                0x0000000000006ba4        0xa .pio/build/uno_r4_wifi/libFrameworkArduino.a(cortex_handlers.c.o)
                0x0000000000006ba4                Stacktrace_Handler
 *fill*         0x0000000000006bae        0x2 ff
 .text.r_spi_call_callback
                0x0000000000006bb0       0x40 /Users/ismaelvillenagil/.platformio/packages/framework-arduinorenesas-uno/variants/UNOWIFIR4/libs/libfsp.a(r_spi.o)
 .text.spi_rxi_isr
                0x0000000000006bf0       0x8c /Users/ismaelvillenagil/.platformio/packages/framework-arduinorenesas-uno/variants/UNOWIFIR4/libs/libfsp.a(r_spi.o)
                0x0000000000006bf0                spi_rxi_isr
 .text.spi_txi_isr
                0x0000000000006c7c       0xbc /Users/ismaelvillenagil/.platformio/packages/framework-arduinorenesas-uno/variants/UNOWIFIR4/libs/libfsp.a(r_spi.o)
                0x0000000000006c7c                spi_txi_isr
 .text.spi_tei_isr
                0x0000000000006d38       0xd8 /Users/ismaelvillenagil/.platformio/packages/framework-arduinorenesas-uno/variants/UNOWIFIR4/libs/libfsp.a(r_spi.o)
                0x0000000000006d38                spi_tei_isr
 .text.spi_eri_isr
                0x0000000000006e10       0xdc /Users/ismaelvillenagil/.platformio/packages/framework-arduinorenesas-uno/variants/UNOWIFIR4/libs/libfsp.a(r_spi.o)
                0x0000000000006e10                spi_eri_isr
 .text.R_SCI_UART_Write
                0x0000000000006eec       0x7c /Users/ismaelvillenagil/.platformio/packages/framework-arduinorenesas-uno/variants/UNOWIFIR4/libs/libfsp.a(r_sci_uart.o)
                0x0000000000006eec                R_SCI_UART_Write
 .text.R_SCI_UART_BaudSet
                0x0000000000006f68       0x40 /Users/ismaelvillenagil/.platformio/packages/framework-arduinorenesas-uno/variants/UNOWIFIR4/libs/libfsp.a(r_sci_uart.o)
                0x0000000000006f68                R_SCI_UART_BaudSet
 .text.r_sci_uart_call_callback
                0x0000000000006fa8       0x44 /Users/ismaelvillenagil/.platformio/packages/framework-arduinorenesas-uno/variants/UNOWIFIR4/libs/libfsp.a(r_sci_uart.o)
 .text.R_SCI_UART_Close
                0x0000000000006fec       0xd0 /Users/ismaelvillenagil/.platformio/packages/framework-arduinorenesas-uno/variants/UNOWIFIR4/libs/libfsp.a(r_sci_uart.o)
                0x0000000000006fec                R_SCI_UART_Close
 .text.R_SCI_UART_Open
                0x00000000000070bc      0x488 /Users/ismaelvillenagil/.platformio/packages/framework-arduinorenesas-uno/variants/UNOWIFIR4/libs/libfsp.a(r_sci_uart.o)
                0x00000000000070bc                R_SCI_UART_Open
 .text.R_SCI_UART_BaudCalculate
                0x0000000000007544      0x1ac /Users/ismaelvillenagil/.platformio/packages/framework-arduinorenesas-uno/variants/UNOWIFIR4/libs/libfsp.a(r_sci_uart.o)
                0x0000000000007544                R_SCI_UART_BaudCalculate
 .text.sci_uart_txi_isr
                0x00000000000076f0       0xe0 /Users/ismaelvillenagil/.platformio/packages/framework-arduinorenesas-uno/variants/UNOWIFIR4/libs/libfsp.a(r_sci_uart.o)
                0x00000000000076f0                sci_uart_txi_isr
 .text.sci_uart_rxi_isr
                0x00000000000077d0      0x17c /Users/ismaelvillenagil/.platformio/packages/framework-arduinorenesas-uno/variants/UNOWIFIR4/libs/libfsp.a(r_sci_uart.o)
                0x00000000000077d0                sci_uart_rxi_isr
 .text.sci_uart_tei_isr
                0x000000000000794c       0x40 /Users/ismaelvillenagil/.platformio/packages/framework-arduinorenesas-uno/variants/UNOWIFIR4/libs/libfsp.a(r_sci_uart.o)
                0x000000000000794c                sci_uart_tei_isr
 .text.sci_uart_eri_isr
                0x000000000000798c       0x6c /Users/ismaelvillenagil/.platformio/packages/framework-arduinorenesas-uno/variants/UNOWIFIR4/libs/libfsp.a(r_sci_uart.o)
                0x000000000000798c                sci_uart_eri_isr
 .text.r_sci_spi_call_callback
                0x00000000000079f8       0x40 /Users/ismaelvillenagil/.platformio/packages/framework-arduinorenesas-uno/variants/UNOWIFIR4/libs/libfsp.a(r_sci_spi.o)
 .text.sci_spi_txi_isr
                0x0000000000007a38       0x68 /Users/ismaelvillenagil/.platformio/packages/framework-arduinorenesas-uno/variants/UNOWIFIR4/libs/libfsp.a(r_sci_spi.o)
                0x0000000000007a38                sci_spi_txi_isr
 .text.sci_spi_rxi_isr
                0x0000000000007aa0       0x74 /Users/ismaelvillenagil/.platformio/packages/framework-arduinorenesas-uno/variants/UNOWIFIR4/libs/libfsp.a(r_sci_spi.o)
                0x0000000000007aa0                sci_spi_rxi_isr
 .text.sci_spi_tei_isr
                0x0000000000007b14       0x3c /Users/ismaelvillenagil/.platformio/packages/framework-arduinorenesas-uno/variants/UNOWIFIR4/libs/libfsp.a(r_sci_spi.o)
                0x0000000000007b14                sci_spi_tei_isr
 .text.sci_spi_eri_isr
                0x0000000000007b50       0x40 /Users/ismaelvillenagil/.platformio/packages/framework-arduinorenesas-uno/variants/UNOWIFIR4/libs/libfsp.a(r_sci_spi.o)
                0x0000000000007b50                sci_spi_eri_isr
 .text.sci_i2c_enable_transfer_support_tx
                0x0000000000007b90       0x34 /Users/ismaelvillenagil/.platformio/packages/framework-arduinorenesas-uno/variants/UNOWIFIR4/libs/libfsp.a(r_sci_i2c.o)
 .text.sci_i2c_notify
                0x0000000000007bc4       0x60 /Users/ismaelvillenagil/.platformio/packages/framework-arduinorenesas-uno/variants/UNOWIFIR4/libs/libfsp.a(r_sci_i2c.o)
                0x0000000000007bc4                sci_i2c_notify
 .text.sci_i2c_rxi_isr
                0x0000000000007c24       0x20 /Users/ismaelvillenagil/.platformio/packages/framework-arduinorenesas-uno/variants/UNOWIFIR4/libs/libfsp.a(r_sci_i2c.o)
                0x0000000000007c24                sci_i2c_rxi_isr
 .text.sci_i2c_txi_isr
                0x0000000000007c44      0x1a0 /Users/ismaelvillenagil/.platformio/packages/framework-arduinorenesas-uno/variants/UNOWIFIR4/libs/libfsp.a(r_sci_i2c.o)
                0x0000000000007c44                sci_i2c_txi_isr
 .text.sci_i2c_tei_isr
                0x0000000000007de4       0xf0 /Users/ismaelvillenagil/.platformio/packages/framework-arduinorenesas-uno/variants/UNOWIFIR4/libs/libfsp.a(r_sci_i2c.o)
                0x0000000000007de4                sci_i2c_tei_isr
 .text.rtc_alarm_periodic_isr
                0x0000000000007ed4       0x68 /Users/ismaelvillenagil/.platformio/packages/framework-arduinorenesas-uno/variants/UNOWIFIR4/libs/libfsp.a(r_rtc.o)
                0x0000000000007ed4                rtc_alarm_periodic_isr
 .text.rtc_carry_isr
                0x0000000000007f3c       0x2c /Users/ismaelvillenagil/.platformio/packages/framework-arduinorenesas-uno/variants/UNOWIFIR4/libs/libfsp.a(r_rtc.o)
                0x0000000000007f3c                rtc_carry_isr
 .text.R_IOPORT_PinWrite
                0x0000000000007f68       0x28 /Users/ismaelvillenagil/.platformio/packages/framework-arduinorenesas-uno/variants/UNOWIFIR4/libs/libfsp.a(r_ioport.o)
                0x0000000000007f68                R_IOPORT_PinWrite
 .text.bsp_vbatt_init.isra.0
                0x0000000000007f90       0x8c /Users/ismaelvillenagil/.platformio/packages/framework-arduinorenesas-uno/variants/UNOWIFIR4/libs/libfsp.a(r_ioport.o)
 .text.R_IOPORT_PinCfg
                0x000000000000801c       0xa8 /Users/ismaelvillenagil/.platformio/packages/framework-arduinorenesas-uno/variants/UNOWIFIR4/libs/libfsp.a(r_ioport.o)
                0x000000000000801c                R_IOPORT_PinCfg
 .text.r_iic_slave_call_callback
                0x00000000000080c4       0x3c /Users/ismaelvillenagil/.platformio/packages/framework-arduinorenesas-uno/variants/UNOWIFIR4/libs/libfsp.a(r_iic_slave.o)
 .text.iic_slave_initiate_transaction
                0x0000000000008100       0x70 /Users/ismaelvillenagil/.platformio/packages/framework-arduinorenesas-uno/variants/UNOWIFIR4/libs/libfsp.a(r_iic_slave.o)
 .text.iic_slave_notify
                0x0000000000008170       0x40 /Users/ismaelvillenagil/.platformio/packages/framework-arduinorenesas-uno/variants/UNOWIFIR4/libs/libfsp.a(r_iic_slave.o)
 .text.iic_slave_rxi_isr
                0x00000000000081b0      0x120 /Users/ismaelvillenagil/.platformio/packages/framework-arduinorenesas-uno/variants/UNOWIFIR4/libs/libfsp.a(r_iic_slave.o)
                0x00000000000081b0                iic_slave_rxi_isr
 .text.iic_slave_txi_isr
                0x00000000000082d0       0xa4 /Users/ismaelvillenagil/.platformio/packages/framework-arduinorenesas-uno/variants/UNOWIFIR4/libs/libfsp.a(r_iic_slave.o)
                0x00000000000082d0                iic_slave_txi_isr
 .text.iic_slave_tei_isr
                0x0000000000008374       0x94 /Users/ismaelvillenagil/.platformio/packages/framework-arduinorenesas-uno/variants/UNOWIFIR4/libs/libfsp.a(r_iic_slave.o)
                0x0000000000008374                iic_slave_tei_isr
 .text.iic_slave_eri_isr
                0x0000000000008408       0x9c /Users/ismaelvillenagil/.platformio/packages/framework-arduinorenesas-uno/variants/UNOWIFIR4/libs/libfsp.a(r_iic_slave.o)
                0x0000000000008408                iic_slave_eri_isr
 .text.iic_master_notify
                0x00000000000084a4       0x40 /Users/ismaelvillenagil/.platformio/packages/framework-arduinorenesas-uno/variants/UNOWIFIR4/libs/libfsp.a(r_iic_master.o)
 .text.iic_master_open_hw_master.isra.0
                0x00000000000084e4      0x190 /Users/ismaelvillenagil/.platformio/packages/framework-arduinorenesas-uno/variants/UNOWIFIR4/libs/libfsp.a(r_iic_master.o)
 .text.iic_master_abort_seq_master
                0x0000000000008674       0x64 /Users/ismaelvillenagil/.platformio/packages/framework-arduinorenesas-uno/variants/UNOWIFIR4/libs/libfsp.a(r_iic_master.o)
 .text.iic_master_rxi_isr
                0x00000000000086d8      0x138 /Users/ismaelvillenagil/.platformio/packages/framework-arduinorenesas-uno/variants/UNOWIFIR4/libs/libfsp.a(r_iic_master.o)
                0x00000000000086d8                iic_master_rxi_isr
 .text.iic_master_txi_isr
                0x0000000000008810       0xec /Users/ismaelvillenagil/.platformio/packages/framework-arduinorenesas-uno/variants/UNOWIFIR4/libs/libfsp.a(r_iic_master.o)
                0x0000000000008810                iic_master_txi_isr
 .text.iic_master_tei_isr
                0x00000000000088fc       0xc0 /Users/ismaelvillenagil/.platformio/packages/framework-arduinorenesas-uno/variants/UNOWIFIR4/libs/libfsp.a(r_iic_master.o)
                0x00000000000088fc                iic_master_tei_isr
 .text.iic_master_eri_isr
                0x00000000000089bc       0xe4 /Users/ismaelvillenagil/.platformio/packages/framework-arduinorenesas-uno/variants/UNOWIFIR4/libs/libfsp.a(r_iic_master.o)
                0x00000000000089bc                iic_master_eri_isr
 .text.r_icu_isr
                0x0000000000008aa0       0x6c /Users/ismaelvillenagil/.platformio/packages/framework-arduinorenesas-uno/variants/UNOWIFIR4/libs/libfsp.a(r_icu.o)
                0x0000000000008aa0                r_icu_isr
 .text.R_GPT_Start
                0x0000000000008b0c        0xc /Users/ismaelvillenagil/.platformio/packages/framework-arduinorenesas-uno/variants/UNOWIFIR4/libs/libfsp.a(r_gpt.o)
                0x0000000000008b0c                R_GPT_Start
 .text.R_GPT_Enable
                0x0000000000008b18       0x30 /Users/ismaelvillenagil/.platformio/packages/framework-arduinorenesas-uno/variants/UNOWIFIR4/libs/libfsp.a(r_gpt.o)
                0x0000000000008b18                R_GPT_Enable
 .text.R_GPT_InfoGet
                0x0000000000008b48       0x44 /Users/ismaelvillenagil/.platformio/packages/framework-arduinorenesas-uno/variants/UNOWIFIR4/libs/libfsp.a(r_gpt.o)
                0x0000000000008b48                R_GPT_InfoGet
 .text.r_gpt_enable_irq
                0x0000000000008b8c       0x58 /Users/ismaelvillenagil/.platformio/packages/framework-arduinorenesas-uno/variants/UNOWIFIR4/libs/libfsp.a(r_gpt.o)
 .text.r_gpt_call_callback
                0x0000000000008be4       0x3c /Users/ismaelvillenagil/.platformio/packages/framework-arduinorenesas-uno/variants/UNOWIFIR4/libs/libfsp.a(r_gpt.o)
 .text.r_gpt_disable_irq.part.3
                0x0000000000008c20       0x34 /Users/ismaelvillenagil/.platformio/packages/framework-arduinorenesas-uno/variants/UNOWIFIR4/libs/libfsp.a(r_gpt.o)
 .text.R_GPT_Close
                0x0000000000008c54       0x4c /Users/ismaelvillenagil/.platformio/packages/framework-arduinorenesas-uno/variants/UNOWIFIR4/libs/libfsp.a(r_gpt.o)
                0x0000000000008c54                R_GPT_Close
 .text.gpt_calculate_duty_cycle.isra.4
                0x0000000000008ca0       0x6c /Users/ismaelvillenagil/.platformio/packages/framework-arduinorenesas-uno/variants/UNOWIFIR4/libs/libfsp.a(r_gpt.o)
 .text.R_GPT_DutyCycleSet
                0x0000000000008d0c       0xac /Users/ismaelvillenagil/.platformio/packages/framework-arduinorenesas-uno/variants/UNOWIFIR4/libs/libfsp.a(r_gpt.o)
                0x0000000000008d0c                R_GPT_DutyCycleSet
 .text.R_GPT_Open
                0x0000000000008db8      0x26c /Users/ismaelvillenagil/.platformio/packages/framework-arduinorenesas-uno/variants/UNOWIFIR4/libs/libfsp.a(r_gpt.o)
                0x0000000000008db8                R_GPT_Open
 .text.gpt_counter_overflow_isr
                0x0000000000009024       0x74 /Users/ismaelvillenagil/.platformio/packages/framework-arduinorenesas-uno/variants/UNOWIFIR4/libs/libfsp.a(r_gpt.o)
                0x0000000000009024                gpt_counter_overflow_isr
 .text.R_DAC_Open
                0x0000000000009098       0x80 /Users/ismaelvillenagil/.platformio/packages/framework-arduinorenesas-uno/variants/UNOWIFIR4/libs/libfsp.a(r_dac.o)
                0x0000000000009098                R_DAC_Open
 .text.R_DAC_Write
                0x0000000000009118        0xc /Users/ismaelvillenagil/.platformio/packages/framework-arduinorenesas-uno/variants/UNOWIFIR4/libs/libfsp.a(r_dac.o)
                0x0000000000009118                R_DAC_Write
 .text.R_DAC_Start
                0x0000000000009124       0x30 /Users/ismaelvillenagil/.platformio/packages/framework-arduinorenesas-uno/variants/UNOWIFIR4/libs/libfsp.a(r_dac.o)
                0x0000000000009124                R_DAC_Start
 .text.R_DAC_Stop
                0x0000000000009154       0x34 /Users/ismaelvillenagil/.platformio/packages/framework-arduinorenesas-uno/variants/UNOWIFIR4/libs/libfsp.a(r_dac.o)
                0x0000000000009154                R_DAC_Stop
 .text.R_DAC_Close
                0x0000000000009188       0x48 /Users/ismaelvillenagil/.platformio/packages/framework-arduinorenesas-uno/variants/UNOWIFIR4/libs/libfsp.a(r_dac.o)
                0x0000000000009188                R_DAC_Close
 .text.r_can_call_callback.isra.3
                0x00000000000091d0       0x5c /Users/ismaelvillenagil/.platformio/packages/framework-arduinorenesas-uno/variants/UNOWIFIR4/libs/libfsp.a(r_can.o)
 .text.can_error_isr
                0x000000000000922c       0xd4 /Users/ismaelvillenagil/.platformio/packages/framework-arduinorenesas-uno/variants/UNOWIFIR4/libs/libfsp.a(r_can.o)
                0x000000000000922c                can_error_isr
 .text.can_rx_isr
                0x0000000000009300      0x11c /Users/ismaelvillenagil/.platformio/packages/framework-arduinorenesas-uno/variants/UNOWIFIR4/libs/libfsp.a(r_can.o)
                0x0000000000009300                can_rx_isr
 .text.can_tx_isr
                0x000000000000941c       0xa4 /Users/ismaelvillenagil/.platformio/packages/framework-arduinorenesas-uno/variants/UNOWIFIR4/libs/libfsp.a(r_can.o)
                0x000000000000941c                can_tx_isr
 .text.R_AGT_Open
                0x00000000000094c0      0x120 /Users/ismaelvillenagil/.platformio/packages/framework-arduinorenesas-uno/variants/UNOWIFIR4/libs/libfsp.a(r_agt.o)
                0x00000000000094c0                R_AGT_Open
 .text.R_AGT_Start
                0x00000000000095e0       0x44 /Users/ismaelvillenagil/.platformio/packages/framework-arduinorenesas-uno/variants/UNOWIFIR4/libs/libfsp.a(r_agt.o)
                0x00000000000095e0                R_AGT_Start
 .text.R_AGT_Enable
                0x0000000000009624       0x14 /Users/ismaelvillenagil/.platformio/packages/framework-arduinorenesas-uno/variants/UNOWIFIR4/libs/libfsp.a(r_agt.o)
                0x0000000000009624                R_AGT_Enable
 .text.R_AGT_DutyCycleSet
                0x0000000000009638        0x4 /Users/ismaelvillenagil/.platformio/packages/framework-arduinorenesas-uno/variants/UNOWIFIR4/libs/libfsp.a(r_agt.o)
                0x0000000000009638                R_AGT_DutyCycleSet
 .text.R_AGT_InfoGet
                0x000000000000963c       0xcc /Users/ismaelvillenagil/.platformio/packages/framework-arduinorenesas-uno/variants/UNOWIFIR4/libs/libfsp.a(r_agt.o)
                0x000000000000963c                R_AGT_InfoGet
 .text.R_AGT_Close
                0x0000000000009708       0x68 /Users/ismaelvillenagil/.platformio/packages/framework-arduinorenesas-uno/variants/UNOWIFIR4/libs/libfsp.a(r_agt.o)
                0x0000000000009708                R_AGT_Close
 .text.agt_int_isr
                0x0000000000009770       0x88 /Users/ismaelvillenagil/.platformio/packages/framework-arduinorenesas-uno/variants/UNOWIFIR4/libs/libfsp.a(r_agt.o)
                0x0000000000009770                agt_int_isr
 .text.R_ADC_ScanStart
                0x00000000000097f8        0xc /Users/ismaelvillenagil/.platformio/packages/framework-arduinorenesas-uno/variants/UNOWIFIR4/libs/libfsp.a(r_adc.o)
                0x00000000000097f8                R_ADC_ScanStart
 .text.R_ADC_StatusGet
                0x0000000000009804       0x10 /Users/ismaelvillenagil/.platformio/packages/framework-arduinorenesas-uno/variants/UNOWIFIR4/libs/libfsp.a(r_adc.o)
                0x0000000000009804                R_ADC_StatusGet
 .text.R_ADC_Read
                0x0000000000009814       0x10 /Users/ismaelvillenagil/.platformio/packages/framework-arduinorenesas-uno/variants/UNOWIFIR4/libs/libfsp.a(r_adc.o)
                0x0000000000009814                R_ADC_Read
 .text.R_ADC_ScanCfg
                0x0000000000009824      0x190 /Users/ismaelvillenagil/.platformio/packages/framework-arduinorenesas-uno/variants/UNOWIFIR4/libs/libfsp.a(r_adc.o)
                0x0000000000009824                R_ADC_ScanCfg
 .text.r_adc_irq_enable.part.1
                0x00000000000099b4       0x54 /Users/ismaelvillenagil/.platformio/packages/framework-arduinorenesas-uno/variants/UNOWIFIR4/libs/libfsp.a(r_adc.o)
 .text.r_adc_irq_disable.part.2
                0x0000000000009a08       0x34 /Users/ismaelvillenagil/.platformio/packages/framework-arduinorenesas-uno/variants/UNOWIFIR4/libs/libfsp.a(r_adc.o)
 .text.R_ADC_Close
                0x0000000000009a3c       0x70 /Users/ismaelvillenagil/.platformio/packages/framework-arduinorenesas-uno/variants/UNOWIFIR4/libs/libfsp.a(r_adc.o)
                0x0000000000009a3c                R_ADC_Close
 .text.R_ADC_Open
                0x0000000000009aac      0x13c /Users/ismaelvillenagil/.platformio/packages/framework-arduinorenesas-uno/variants/UNOWIFIR4/libs/libfsp.a(r_adc.o)
                0x0000000000009aac                R_ADC_Open
 .text.bsp_prv_software_delay_loop
                0x0000000000009be8        0xc /Users/ismaelvillenagil/.platformio/packages/framework-arduinorenesas-uno/variants/UNOWIFIR4/libs/libfsp.a(bsp_delay.o)
                0x0000000000009be8                bsp_prv_software_delay_loop
 .text.R_BSP_SoftwareDelay
                0x0000000000009bf4       0x5c /Users/ismaelvillenagil/.platformio/packages/framework-arduinorenesas-uno/variants/UNOWIFIR4/libs/libfsp.a(bsp_delay.o)
                0x0000000000009bf4                R_BSP_SoftwareDelay
 .text.bsp_irq_cfg
                0x0000000000009c50       0x28 /Users/ismaelvillenagil/.platformio/packages/framework-arduinorenesas-uno/variants/UNOWIFIR4/libs/libfsp.a(bsp_irq.o)
                0x0000000000009c50                bsp_irq_cfg
 .text.R_BSP_RegisterProtectEnable
                0x0000000000009c78       0x60 /Users/ismaelvillenagil/.platformio/packages/framework-arduinorenesas-uno/variants/UNOWIFIR4/libs/libfsp.a(bsp_register_protection.o)
                0x0000000000009c78                R_BSP_RegisterProtectEnable
 .text.R_BSP_RegisterProtectDisable
                0x0000000000009cd8       0x4c /Users/ismaelvillenagil/.platformio/packages/framework-arduinorenesas-uno/variants/UNOWIFIR4/libs/libfsp.a(bsp_register_protection.o)
                0x0000000000009cd8                R_BSP_RegisterProtectDisable
 .text.Default_Handler
                0x0000000000009d24        0x4 /Users/ismaelvillenagil/.platformio/packages/framework-arduinorenesas-uno/variants/UNOWIFIR4/libs/libfsp.a(startup.o)
                0x0000000000009d24                BusFault_Handler
                0x0000000000009d24                HardFault_Handler
                0x0000000000009d24                SysTick_Handler
                0x0000000000009d24                PendSV_Handler
                0x0000000000009d24                UsageFault_Handler
                0x0000000000009d24                SecureFault_Handler
                0x0000000000009d24                Default_Handler
                0x0000000000009d24                MemManage_Handler
                0x0000000000009d24                SVC_Handler
                0x0000000000009d24                DebugMon_Handler
 .text.Reset_Handler
                0x0000000000009d28        0xc /Users/ismaelvillenagil/.platformio/packages/framework-arduinorenesas-uno/variants/UNOWIFIR4/libs/libfsp.a(startup.o)
                0x0000000000009d28                Reset_Handler
 .text.R_BSP_WarmStart
                0x0000000000009d34        0x4 /Users/ismaelvillenagil/.platformio/packages/framework-arduinorenesas-uno/variants/UNOWIFIR4/libs/libfsp.a(system.o)
                0x0000000000009d34                R_BSP_WarmStart
 .text.SystemInit
                0x0000000000009d38      0x150 /Users/ismaelvillenagil/.platformio/packages/framework-arduinorenesas-uno/variants/UNOWIFIR4/libs/libfsp.a(system.o)
                0x0000000000009d38                SystemInit
 .text.bsp_prv_operating_mode_opccr_set.part.0
                0x0000000000009e88       0x38 /Users/ismaelvillenagil/.platformio/packages/framework-arduinorenesas-uno/variants/UNOWIFIR4/libs/libfsp.a(bsp_clocks.o)
 .text.SystemCoreClockUpdate
                0x0000000000009ec0       0x28 /Users/ismaelvillenagil/.platformio/packages/framework-arduinorenesas-uno/variants/UNOWIFIR4/libs/libfsp.a(bsp_clocks.o)
                0x0000000000009ec0                SystemCoreClockUpdate
 .text.bsp_clock_init
                0x0000000000009ee8       0xfc /Users/ismaelvillenagil/.platformio/packages/framework-arduinorenesas-uno/variants/UNOWIFIR4/libs/libfsp.a(bsp_clocks.o)
                0x0000000000009ee8                bsp_clock_init
 .text.bsp_init_internal
                0x0000000000009fe4        0x4 /Users/ismaelvillenagil/.platformio/packages/framework-arduinorenesas-uno/variants/UNOWIFIR4/libs/libfsp.a(bsp_common.o)
                0x0000000000009fe4                bsp_init
                0x0000000000009fe4                bsp_init_internal
 .text.NMI_Handler
                0x0000000000009fe8       0x38 /Users/ismaelvillenagil/.platformio/packages/framework-arduinorenesas-uno/variants/UNOWIFIR4/libs/libfsp.a(bsp_group_irq.o)
                0x0000000000009fe8                NMI_Handler
 .text._ZdlPvj  0x000000000000a020        0x4 /Users/ismaelvillenagil/.platformio/packages/toolchain-gccarmnoneeabi/bin/../lib/gcc/arm-none-eabi/10.3.1/../../../../arm-none-eabi/lib/thumb/v7e-m+fp/hard/libstdc++_nano.a(del_ops.o)
                0x000000000000a020                operator delete(void*, unsigned int)
 .text.__cxa_guard_acquire
                0x000000000000a024       0x18 /Users/ismaelvillenagil/.platformio/packages/toolchain-gccarmnoneeabi/bin/../lib/gcc/arm-none-eabi/10.3.1/../../../../arm-none-eabi/lib/thumb/v7e-m+fp/hard/libstdc++_nano.a(guard.o)
                0x000000000000a024                __cxa_guard_acquire
 .text.__cxa_guard_release
                0x000000000000a03c        0x6 /Users/ismaelvillenagil/.platformio/packages/toolchain-gccarmnoneeabi/bin/../lib/gcc/arm-none-eabi/10.3.1/../../../../arm-none-eabi/lib/thumb/v7e-m+fp/hard/libstdc++_nano.a(guard.o)
                0x000000000000a03c                __cxa_guard_release
 .text._Znwj    0x000000000000a042       0x22 /Users/ismaelvillenagil/.platformio/packages/toolchain-gccarmnoneeabi/bin/../lib/gcc/arm-none-eabi/10.3.1/../../../../arm-none-eabi/lib/thumb/v7e-m+fp/hard/libstdc++_nano.a(new_op.o)
                0x000000000000a042                operator new(unsigned int)
 .text._ZdlPv   0x000000000000a064        0x4 /Users/ismaelvillenagil/.platformio/packages/toolchain-gccarmnoneeabi/bin/../lib/gcc/arm-none-eabi/10.3.1/../../../../arm-none-eabi/lib/thumb/v7e-m+fp/hard/libstdc++_nano.a(del_op.o)
                0x000000000000a064                operator delete(void*)
 .text._ZSt15get_new_handlerv
                0x000000000000a068       0x10 /Users/ismaelvillenagil/.platformio/packages/toolchain-gccarmnoneeabi/bin/../lib/gcc/arm-none-eabi/10.3.1/../../../../arm-none-eabi/lib/thumb/v7e-m+fp/hard/libstdc++_nano.a(new_handler.o)
                0x000000000000a068                std::get_new_handler()
 .text.abort    0x000000000000a078        0xe /Users/ismaelvillenagil/.platformio/packages/toolchain-gccarmnoneeabi/bin/../lib/gcc/arm-none-eabi/10.3.1/../../../../arm-none-eabi/lib/thumb/v7e-m+fp/hard/libc_nano.a(lib_a-abort.o)
                0x000000000000a078                abort
 *fill*         0x000000000000a086        0x2 ff
 .text.malloc   0x000000000000a088       0x10 /Users/ismaelvillenagil/.platformio/packages/toolchain-gccarmnoneeabi/bin/../lib/gcc/arm-none-eabi/10.3.1/../../../../arm-none-eabi/lib/thumb/v7e-m+fp/hard/libc_nano.a(lib_a-malloc.o)
                0x000000000000a088                malloc
 .text.free     0x000000000000a098       0x10 /Users/ismaelvillenagil/.platformio/packages/toolchain-gccarmnoneeabi/bin/../lib/gcc/arm-none-eabi/10.3.1/../../../../arm-none-eabi/lib/thumb/v7e-m+fp/hard/libc_nano.a(lib_a-malloc.o)
                0x000000000000a098                free
 .text.memcpy   0x000000000000a0a8       0x1c /Users/ismaelvillenagil/.platformio/packages/toolchain-gccarmnoneeabi/bin/../lib/gcc/arm-none-eabi/10.3.1/../../../../arm-none-eabi/lib/thumb/v7e-m+fp/hard/libc_nano.a(lib_a-memcpy-stub.o)
                0x000000000000a0a8                memcpy
 .text.memset   0x000000000000a0c4       0x10 /Users/ismaelvillenagil/.platformio/packages/toolchain-gccarmnoneeabi/bin/../lib/gcc/arm-none-eabi/10.3.1/../../../../arm-none-eabi/lib/thumb/v7e-m+fp/hard/libc_nano.a(lib_a-memset.o)
                0x000000000000a0c4                memset
 .text._free_r  0x000000000000a0d4       0x98 /Users/ismaelvillenagil/.platformio/packages/toolchain-gccarmnoneeabi/bin/../lib/gcc/arm-none-eabi/10.3.1/../../../../arm-none-eabi/lib/thumb/v7e-m+fp/hard/libc_nano.a(lib_a-nano-freer.o)
                0x000000000000a0d4                _free_r
 .text.sbrk_aligned
                0x000000000000a16c       0x40 /Users/ismaelvillenagil/.platformio/packages/toolchain-gccarmnoneeabi/bin/../lib/gcc/arm-none-eabi/10.3.1/../../../../arm-none-eabi/lib/thumb/v7e-m+fp/hard/libc_nano.a(lib_a-nano-mallocr.o)
 .text._malloc_r
                0x000000000000a1ac       0xe8 /Users/ismaelvillenagil/.platformio/packages/toolchain-gccarmnoneeabi/bin/../lib/gcc/arm-none-eabi/10.3.1/../../../../arm-none-eabi/lib/thumb/v7e-m+fp/hard/libc_nano.a(lib_a-nano-mallocr.o)
                0x000000000000a1ac                _malloc_r
 .text.printf   0x000000000000a294       0x30 /Users/ismaelvillenagil/.platformio/packages/toolchain-gccarmnoneeabi/bin/../lib/gcc/arm-none-eabi/10.3.1/../../../../arm-none-eabi/lib/thumb/v7e-m+fp/hard/libc_nano.a(lib_a-printf.o)
                0x000000000000a294                printf
                0x000000000000a294                iprintf
 .text._sbrk_r  0x000000000000a2c4       0x20 /Users/ismaelvillenagil/.platformio/packages/toolchain-gccarmnoneeabi/bin/../lib/gcc/arm-none-eabi/10.3.1/../../../../arm-none-eabi/lib/thumb/v7e-m+fp/hard/libc_nano.a(lib_a-sbrkr.o)
                0x000000000000a2c4                _sbrk_r
 .text._raise_r
                0x000000000000a2e4       0x50 /Users/ismaelvillenagil/.platformio/packages/toolchain-gccarmnoneeabi/bin/../lib/gcc/arm-none-eabi/10.3.1/../../../../arm-none-eabi/lib/thumb/v7e-m+fp/hard/libc_nano.a(lib_a-signal.o)
                0x000000000000a2e4                _raise_r
 .text.raise    0x000000000000a334       0x10 /Users/ismaelvillenagil/.platformio/packages/toolchain-gccarmnoneeabi/bin/../lib/gcc/arm-none-eabi/10.3.1/../../../../arm-none-eabi/lib/thumb/v7e-m+fp/hard/libc_nano.a(lib_a-signal.o)
                0x000000000000a334                raise
 .text._kill_r  0x000000000000a344       0x24 /Users/ismaelvillenagil/.platformio/packages/toolchain-gccarmnoneeabi/bin/../lib/gcc/arm-none-eabi/10.3.1/../../../../arm-none-eabi/lib/thumb/v7e-m+fp/hard/libc_nano.a(lib_a-signalr.o)
                0x000000000000a344                _kill_r
 .text._getpid_r
                0x000000000000a368        0x4 /Users/ismaelvillenagil/.platformio/packages/toolchain-gccarmnoneeabi/bin/../lib/gcc/arm-none-eabi/10.3.1/../../../../arm-none-eabi/lib/thumb/v7e-m+fp/hard/libc_nano.a(lib_a-signalr.o)
                0x000000000000a368                _getpid_r
 .text.sprintf  0x000000000000a36c       0x40 /Users/ismaelvillenagil/.platformio/packages/toolchain-gccarmnoneeabi/bin/../lib/gcc/arm-none-eabi/10.3.1/../../../../arm-none-eabi/lib/thumb/v7e-m+fp/hard/libc_nano.a(lib_a-sprintf.o)
                0x000000000000a36c                sprintf
                0x000000000000a36c                siprintf
 .text          0x000000000000a3ac       0x10 /Users/ismaelvillenagil/.platformio/packages/toolchain-gccarmnoneeabi/bin/../lib/gcc/arm-none-eabi/10.3.1/../../../../arm-none-eabi/lib/thumb/v7e-m+fp/hard/libc_nano.a(lib_a-strlen.o)
                0x000000000000a3ac                strlen
 .text.std      0x000000000000a3bc       0x48 /Users/ismaelvillenagil/.platformio/packages/toolchain-gccarmnoneeabi/bin/../lib/gcc/arm-none-eabi/10.3.1/../../../../arm-none-eabi/lib/thumb/v7e-m+fp/hard/libc_nano.a(lib_a-findfp.o)
 .text._cleanup_r
                0x000000000000a404        0xc /Users/ismaelvillenagil/.platformio/packages/toolchain-gccarmnoneeabi/bin/../lib/gcc/arm-none-eabi/10.3.1/../../../../arm-none-eabi/lib/thumb/v7e-m+fp/hard/libc_nano.a(lib_a-findfp.o)
                0x000000000000a404                _cleanup_r
 .text.__sfmoreglue
                0x000000000000a410       0x2c /Users/ismaelvillenagil/.platformio/packages/toolchain-gccarmnoneeabi/bin/../lib/gcc/arm-none-eabi/10.3.1/../../../../arm-none-eabi/lib/thumb/v7e-m+fp/hard/libc_nano.a(lib_a-findfp.o)
                0x000000000000a410                __sfmoreglue
 .text.__sfp_lock_acquire
                0x000000000000a43c        0xc /Users/ismaelvillenagil/.platformio/packages/toolchain-gccarmnoneeabi/bin/../lib/gcc/arm-none-eabi/10.3.1/../../../../arm-none-eabi/lib/thumb/v7e-m+fp/hard/libc_nano.a(lib_a-findfp.o)
                0x000000000000a43c                __sfp_lock_acquire
 .text.__sfp_lock_release
                0x000000000000a448        0xc /Users/ismaelvillenagil/.platformio/packages/toolchain-gccarmnoneeabi/bin/../lib/gcc/arm-none-eabi/10.3.1/../../../../arm-none-eabi/lib/thumb/v7e-m+fp/hard/libc_nano.a(lib_a-findfp.o)
                0x000000000000a448                __sfp_lock_release
 .text.__sinit_lock_acquire
                0x000000000000a454        0xc /Users/ismaelvillenagil/.platformio/packages/toolchain-gccarmnoneeabi/bin/../lib/gcc/arm-none-eabi/10.3.1/../../../../arm-none-eabi/lib/thumb/v7e-m+fp/hard/libc_nano.a(lib_a-findfp.o)
                0x000000000000a454                __sinit_lock_acquire
 .text.__sinit_lock_release
                0x000000000000a460        0xc /Users/ismaelvillenagil/.platformio/packages/toolchain-gccarmnoneeabi/bin/../lib/gcc/arm-none-eabi/10.3.1/../../../../arm-none-eabi/lib/thumb/v7e-m+fp/hard/libc_nano.a(lib_a-findfp.o)
                0x000000000000a460                __sinit_lock_release
 .text.__sinit  0x000000000000a46c       0x70 /Users/ismaelvillenagil/.platformio/packages/toolchain-gccarmnoneeabi/bin/../lib/gcc/arm-none-eabi/10.3.1/../../../../arm-none-eabi/lib/thumb/v7e-m+fp/hard/libc_nano.a(lib_a-findfp.o)
                0x000000000000a46c                __sinit
 .text.__sfp    0x000000000000a4dc       0x8c /Users/ismaelvillenagil/.platformio/packages/toolchain-gccarmnoneeabi/bin/../lib/gcc/arm-none-eabi/10.3.1/../../../../arm-none-eabi/lib/thumb/v7e-m+fp/hard/libc_nano.a(lib_a-findfp.o)
                0x000000000000a4dc                __sfp
 .text._fwalk_reent
                0x000000000000a568       0x3e /Users/ismaelvillenagil/.platformio/packages/toolchain-gccarmnoneeabi/bin/../lib/gcc/arm-none-eabi/10.3.1/../../../../arm-none-eabi/lib/thumb/v7e-m+fp/hard/libc_nano.a(lib_a-fwalk.o)
                0x000000000000a568                _fwalk_reent
 .text.__retarget_lock_init_recursive
                0x000000000000a5a6        0x2 /Users/ismaelvillenagil/.platformio/packages/toolchain-gccarmnoneeabi/bin/../lib/gcc/arm-none-eabi/10.3.1/../../../../arm-none-eabi/lib/thumb/v7e-m+fp/hard/libc_nano.a(lib_a-lock.o)
                0x000000000000a5a6                __retarget_lock_init_recursive
 .text.__retarget_lock_acquire_recursive
                0x000000000000a5a8        0x2 /Users/ismaelvillenagil/.platformio/packages/toolchain-gccarmnoneeabi/bin/../lib/gcc/arm-none-eabi/10.3.1/../../../../arm-none-eabi/lib/thumb/v7e-m+fp/hard/libc_nano.a(lib_a-lock.o)
                0x000000000000a5a8                __retarget_lock_acquire_recursive
 .text.__retarget_lock_release_recursive
                0x000000000000a5aa        0x2 /Users/ismaelvillenagil/.platformio/packages/toolchain-gccarmnoneeabi/bin/../lib/gcc/arm-none-eabi/10.3.1/../../../../arm-none-eabi/lib/thumb/v7e-m+fp/hard/libc_nano.a(lib_a-lock.o)
                0x000000000000a5aa                __retarget_lock_release_recursive
 .text.__malloc_lock
                0x000000000000a5ac        0xc /Users/ismaelvillenagil/.platformio/packages/toolchain-gccarmnoneeabi/bin/../lib/gcc/arm-none-eabi/10.3.1/../../../../arm-none-eabi/lib/thumb/v7e-m+fp/hard/libc_nano.a(lib_a-mlock.o)
                0x000000000000a5ac                __malloc_lock
 .text.__malloc_unlock
                0x000000000000a5b8        0xc /Users/ismaelvillenagil/.platformio/packages/toolchain-gccarmnoneeabi/bin/../lib/gcc/arm-none-eabi/10.3.1/../../../../arm-none-eabi/lib/thumb/v7e-m+fp/hard/libc_nano.a(lib_a-mlock.o)
                0x000000000000a5b8                __malloc_unlock
 .text.__ssputs_r
                0x000000000000a5c4       0xb6 /Users/ismaelvillenagil/.platformio/packages/toolchain-gccarmnoneeabi/bin/../lib/gcc/arm-none-eabi/10.3.1/../../../../arm-none-eabi/lib/thumb/v7e-m+fp/hard/libc_nano.a(lib_a-nano-svfprintf.o)
                0x000000000000a5c4                __ssputs_r
 *fill*         0x000000000000a67a        0x2 ff
 .text._svfprintf_r
                0x000000000000a67c      0x200 /Users/ismaelvillenagil/.platformio/packages/toolchain-gccarmnoneeabi/bin/../lib/gcc/arm-none-eabi/10.3.1/../../../../arm-none-eabi/lib/thumb/v7e-m+fp/hard/libc_nano.a(lib_a-nano-svfprintf.o)
                0x000000000000a67c                _svfprintf_r
                0x000000000000a67c                _svfiprintf_r
 .text.__sfputc_r
                0x000000000000a87c       0x2e /Users/ismaelvillenagil/.platformio/packages/toolchain-gccarmnoneeabi/bin/../lib/gcc/arm-none-eabi/10.3.1/../../../../arm-none-eabi/lib/thumb/v7e-m+fp/hard/libc_nano.a(lib_a-nano-vfprintf.o)
 .text.__sfputs_r
                0x000000000000a8aa       0x24 /Users/ismaelvillenagil/.platformio/packages/toolchain-gccarmnoneeabi/bin/../lib/gcc/arm-none-eabi/10.3.1/../../../../arm-none-eabi/lib/thumb/v7e-m+fp/hard/libc_nano.a(lib_a-nano-vfprintf.o)
                0x000000000000a8aa                __sfputs_r
 *fill*         0x000000000000a8ce        0x2 ff
 .text._vfprintf_r
                0x000000000000a8d0      0x260 /Users/ismaelvillenagil/.platformio/packages/toolchain-gccarmnoneeabi/bin/../lib/gcc/arm-none-eabi/10.3.1/../../../../arm-none-eabi/lib/thumb/v7e-m+fp/hard/libc_nano.a(lib_a-nano-vfprintf.o)
                0x000000000000a8d0                _vfiprintf_r
                0x000000000000a8d0                _vfprintf_r
 .text._printf_common
                0x000000000000ab30       0xda /Users/ismaelvillenagil/.platformio/packages/toolchain-gccarmnoneeabi/bin/../lib/gcc/arm-none-eabi/10.3.1/../../../../arm-none-eabi/lib/thumb/v7e-m+fp/hard/libc_nano.a(lib_a-nano-vfprintf_i.o)
                0x000000000000ab30                _printf_common
 *fill*         0x000000000000ac0a        0x2 ff
 .text._printf_i
                0x000000000000ac0c      0x24c /Users/ismaelvillenagil/.platformio/packages/toolchain-gccarmnoneeabi/bin/../lib/gcc/arm-none-eabi/10.3.1/../../../../arm-none-eabi/lib/thumb/v7e-m+fp/hard/libc_nano.a(lib_a-nano-vfprintf_i.o)
                0x000000000000ac0c                _printf_i
 .text.__sread  0x000000000000ae58       0x22 /Users/ismaelvillenagil/.platformio/packages/toolchain-gccarmnoneeabi/bin/../lib/gcc/arm-none-eabi/10.3.1/../../../../arm-none-eabi/lib/thumb/v7e-m+fp/hard/libc_nano.a(lib_a-stdio.o)
                0x000000000000ae58                __sread
 .text.__swrite
                0x000000000000ae7a       0x38 /Users/ismaelvillenagil/.platformio/packages/toolchain-gccarmnoneeabi/bin/../lib/gcc/arm-none-eabi/10.3.1/../../../../arm-none-eabi/lib/thumb/v7e-m+fp/hard/libc_nano.a(lib_a-stdio.o)
                0x000000000000ae7a                __swrite
 .text.__sseek  0x000000000000aeb2       0x24 /Users/ismaelvillenagil/.platformio/packages/toolchain-gccarmnoneeabi/bin/../lib/gcc/arm-none-eabi/10.3.1/../../../../arm-none-eabi/lib/thumb/v7e-m+fp/hard/libc_nano.a(lib_a-stdio.o)
                0x000000000000aeb2                __sseek
 .text.__sclose
                0x000000000000aed6        0x8 /Users/ismaelvillenagil/.platformio/packages/toolchain-gccarmnoneeabi/bin/../lib/gcc/arm-none-eabi/10.3.1/../../../../arm-none-eabi/lib/thumb/v7e-m+fp/hard/libc_nano.a(lib_a-stdio.o)
                0x000000000000aed6                __sclose
 *fill*         0x000000000000aede        0x2 ff
 .text.__swbuf_r
                0x000000000000aee0       0xa4 /Users/ismaelvillenagil/.platformio/packages/toolchain-gccarmnoneeabi/bin/../lib/gcc/arm-none-eabi/10.3.1/../../../../arm-none-eabi/lib/thumb/v7e-m+fp/hard/libc_nano.a(lib_a-wbuf.o)
                0x000000000000aee0                __swbuf_r
 .text._write_r
                0x000000000000af84       0x24 /Users/ismaelvillenagil/.platformio/packages/toolchain-gccarmnoneeabi/bin/../lib/gcc/arm-none-eabi/10.3.1/../../../../arm-none-eabi/lib/thumb/v7e-m+fp/hard/libc_nano.a(lib_a-writer.o)
                0x000000000000af84                _write_r
 .text.__swsetup_r
                0x000000000000afa8       0xdc /Users/ismaelvillenagil/.platformio/packages/toolchain-gccarmnoneeabi/bin/../lib/gcc/arm-none-eabi/10.3.1/../../../../arm-none-eabi/lib/thumb/v7e-m+fp/hard/libc_nano.a(lib_a-wsetup.o)
                0x000000000000afa8                __swsetup_r
 .text._close_r
                0x000000000000b084       0x20 /Users/ismaelvillenagil/.platformio/packages/toolchain-gccarmnoneeabi/bin/../lib/gcc/arm-none-eabi/10.3.1/../../../../arm-none-eabi/lib/thumb/v7e-m+fp/hard/libc_nano.a(lib_a-closer.o)
                0x000000000000b084                _close_r
 .text.__sflush_r
                0x000000000000b0a4      0x10c /Users/ismaelvillenagil/.platformio/packages/toolchain-gccarmnoneeabi/bin/../lib/gcc/arm-none-eabi/10.3.1/../../../../arm-none-eabi/lib/thumb/v7e-m+fp/hard/libc_nano.a(lib_a-fflush.o)
                0x000000000000b0a4                __sflush_r
 .text._fflush_r
                0x000000000000b1b0       0x78 /Users/ismaelvillenagil/.platformio/packages/toolchain-gccarmnoneeabi/bin/../lib/gcc/arm-none-eabi/10.3.1/../../../../arm-none-eabi/lib/thumb/v7e-m+fp/hard/libc_nano.a(lib_a-fflush.o)
                0x000000000000b1b0                _fflush_r
 .text._lseek_r
                0x000000000000b228       0x24 /Users/ismaelvillenagil/.platformio/packages/toolchain-gccarmnoneeabi/bin/../lib/gcc/arm-none-eabi/10.3.1/../../../../arm-none-eabi/lib/thumb/v7e-m+fp/hard/libc_nano.a(lib_a-lseekr.o)
                0x000000000000b228                _lseek_r
 .text.__swhatbuf_r
                0x000000000000b24c       0x4a /Users/ismaelvillenagil/.platformio/packages/toolchain-gccarmnoneeabi/bin/../lib/gcc/arm-none-eabi/10.3.1/../../../../arm-none-eabi/lib/thumb/v7e-m+fp/hard/libc_nano.a(lib_a-makebuf.o)
                0x000000000000b24c                __swhatbuf_r
 *fill*         0x000000000000b296        0x2 ff
 .text.__smakebuf_r
                0x000000000000b298       0x80 /Users/ismaelvillenagil/.platformio/packages/toolchain-gccarmnoneeabi/bin/../lib/gcc/arm-none-eabi/10.3.1/../../../../arm-none-eabi/lib/thumb/v7e-m+fp/hard/libc_nano.a(lib_a-makebuf.o)
                0x000000000000b298                __smakebuf_r
 *fill*         0x000000000000b318        0x8 ff
 .text          0x000000000000b320       0xa0 /Users/ismaelvillenagil/.platformio/packages/toolchain-gccarmnoneeabi/bin/../lib/gcc/arm-none-eabi/10.3.1/../../../../arm-none-eabi/lib/thumb/v7e-m+fp/hard/libc_nano.a(lib_a-memchr.o)
                0x000000000000b320                memchr
 .text.memmove  0x000000000000b3c0       0x34 /Users/ismaelvillenagil/.platformio/packages/toolchain-gccarmnoneeabi/bin/../lib/gcc/arm-none-eabi/10.3.1/../../../../arm-none-eabi/lib/thumb/v7e-m+fp/hard/libc_nano.a(lib_a-memmove.o)
                0x000000000000b3c0                memmove
 .text._realloc_r
                0x000000000000b3f4       0x5e /Users/ismaelvillenagil/.platformio/packages/toolchain-gccarmnoneeabi/bin/../lib/gcc/arm-none-eabi/10.3.1/../../../../arm-none-eabi/lib/thumb/v7e-m+fp/hard/libc_nano.a(lib_a-nano-reallocr.o)
                0x000000000000b3f4                _realloc_r
 *fill*         0x000000000000b452        0x2 ff
 .text._read_r  0x000000000000b454       0x24 /Users/ismaelvillenagil/.platformio/packages/toolchain-gccarmnoneeabi/bin/../lib/gcc/arm-none-eabi/10.3.1/../../../../arm-none-eabi/lib/thumb/v7e-m+fp/hard/libc_nano.a(lib_a-readr.o)
                0x000000000000b454                _read_r
 .text._fstat_r
                0x000000000000b478       0x24 /Users/ismaelvillenagil/.platformio/packages/toolchain-gccarmnoneeabi/bin/../lib/gcc/arm-none-eabi/10.3.1/../../../../arm-none-eabi/lib/thumb/v7e-m+fp/hard/libc_nano.a(lib_a-fstatr.o)
                0x000000000000b478                _fstat_r
 .text._isatty_r
                0x000000000000b49c       0x20 /Users/ismaelvillenagil/.platformio/packages/toolchain-gccarmnoneeabi/bin/../lib/gcc/arm-none-eabi/10.3.1/../../../../arm-none-eabi/lib/thumb/v7e-m+fp/hard/libc_nano.a(lib_a-isattyr.o)
                0x000000000000b49c                _isatty_r
 .text._malloc_usable_size_r
                0x000000000000b4bc       0x10 /Users/ismaelvillenagil/.platformio/packages/toolchain-gccarmnoneeabi/bin/../lib/gcc/arm-none-eabi/10.3.1/../../../../arm-none-eabi/lib/thumb/v7e-m+fp/hard/libc_nano.a(lib_a-nano-msizer.o)
                0x000000000000b4bc                _malloc_usable_size_r
 .text          0x000000000000b4cc      0x378 /Users/ismaelvillenagil/.platformio/packages/toolchain-gccarmnoneeabi/bin/../lib/gcc/arm-none-eabi/10.3.1/thumb/v7e-m+fp/hard/libgcc.a(_arm_addsubdf3.o)
                0x000000000000b4cc                __aeabi_drsub
                0x000000000000b4d4                __subdf3
                0x000000000000b4d4                __aeabi_dsub
                0x000000000000b4d8                __aeabi_dadd
                0x000000000000b4d8                __adddf3
                0x000000000000b750                __aeabi_ui2d
                0x000000000000b750                __floatunsidf
                0x000000000000b770                __floatsidf
                0x000000000000b770                __aeabi_i2d
                0x000000000000b794                __extendsfdf2
                0x000000000000b794                __aeabi_f2d
                0x000000000000b7d8                __aeabi_ul2d
                0x000000000000b7d8                __floatundidf
                0x000000000000b7e8                __aeabi_l2d
                0x000000000000b7e8                __floatdidf
 .text          0x000000000000b844      0x424 /Users/ismaelvillenagil/.platformio/packages/toolchain-gccarmnoneeabi/bin/../lib/gcc/arm-none-eabi/10.3.1/thumb/v7e-m+fp/hard/libgcc.a(_arm_muldivdf3.o)
                0x000000000000b844                __aeabi_dmul
                0x000000000000b844                __muldf3
                0x000000000000ba98                __aeabi_ddiv
                0x000000000000ba98                __divdf3
 .text          0x000000000000bc68      0x110 /Users/ismaelvillenagil/.platformio/packages/toolchain-gccarmnoneeabi/bin/../lib/gcc/arm-none-eabi/10.3.1/thumb/v7e-m+fp/hard/libgcc.a(_arm_cmpdf2.o)
                0x000000000000bc68                __gedf2
                0x000000000000bc68                __gtdf2
                0x000000000000bc70                __ledf2
                0x000000000000bc70                __ltdf2
                0x000000000000bc78                __cmpdf2
                0x000000000000bc78                __eqdf2
                0x000000000000bc78                __nedf2
                0x000000000000bcf4                __aeabi_cdrcmple
                0x000000000000bd04                __aeabi_cdcmple
                0x000000000000bd04                __aeabi_cdcmpeq
                0x000000000000bd14                __aeabi_dcmpeq
                0x000000000000bd28                __aeabi_dcmplt
                0x000000000000bd3c                __aeabi_dcmple
                0x000000000000bd50                __aeabi_dcmpge
                0x000000000000bd64                __aeabi_dcmpgt
 .text          0x000000000000bd78       0x40 /Users/ismaelvillenagil/.platformio/packages/toolchain-gccarmnoneeabi/bin/../lib/gcc/arm-none-eabi/10.3.1/thumb/v7e-m+fp/hard/libgcc.a(_arm_fixunsdfsi.o)
                0x000000000000bd78                __fixunsdfsi
                0x000000000000bd78                __aeabi_d2uiz
 .text          0x000000000000bdb8       0xa0 /Users/ismaelvillenagil/.platformio/packages/toolchain-gccarmnoneeabi/bin/../lib/gcc/arm-none-eabi/10.3.1/thumb/v7e-m+fp/hard/libgcc.a(_arm_truncdfsf2.o)
                0x000000000000bdb8                __aeabi_d2f
                0x000000000000bdb8                __truncdfsf2
 .text          0x000000000000be58       0xa0 /Users/ismaelvillenagil/.platformio/packages/toolchain-gccarmnoneeabi/bin/../lib/gcc/arm-none-eabi/10.3.1/thumb/v7e-m+fp/hard/libgcc.a(_aeabi_ldivmod.o)
                0x000000000000be58                __aeabi_ldivmod
 .text.__udivmoddi4
                0x000000000000bef8      0x2d0 /Users/ismaelvillenagil/.platformio/packages/toolchain-gccarmnoneeabi/bin/../lib/gcc/arm-none-eabi/10.3.1/thumb/v7e-m+fp/hard/libgcc.a(_udivmoddi4.o)
                0x000000000000bef8                __udivmoddi4
 .text          0x000000000000c1c8        0x4 /Users/ismaelvillenagil/.platformio/packages/toolchain-gccarmnoneeabi/bin/../lib/gcc/arm-none-eabi/10.3.1/thumb/v7e-m+fp/hard/libgcc.a(_dvmd_tls.o)
                0x000000000000c1c8                __aeabi_ldiv0
                0x000000000000c1c8                __aeabi_idiv0
 .text._close   0x000000000000c1cc       0x10 /Users/ismaelvillenagil/.platformio/packages/toolchain-gccarmnoneeabi/bin/../lib/gcc/arm-none-eabi/10.3.1/../../../../arm-none-eabi/lib/thumb/v7e-m+fp/hard/libnosys.a(close.o)
                0x000000000000c1cc                _close
 .text._fstat   0x000000000000c1dc       0x10 /Users/ismaelvillenagil/.platformio/packages/toolchain-gccarmnoneeabi/bin/../lib/gcc/arm-none-eabi/10.3.1/../../../../arm-none-eabi/lib/thumb/v7e-m+fp/hard/libnosys.a(fstat.o)
                0x000000000000c1dc                _fstat
 .text._getpid  0x000000000000c1ec       0x10 /Users/ismaelvillenagil/.platformio/packages/toolchain-gccarmnoneeabi/bin/../lib/gcc/arm-none-eabi/10.3.1/../../../../arm-none-eabi/lib/thumb/v7e-m+fp/hard/libnosys.a(getpid.o)
                0x000000000000c1ec                _getpid
 .text._isatty  0x000000000000c1fc       0x10 /Users/ismaelvillenagil/.platformio/packages/toolchain-gccarmnoneeabi/bin/../lib/gcc/arm-none-eabi/10.3.1/../../../../arm-none-eabi/lib/thumb/v7e-m+fp/hard/libnosys.a(isatty.o)
                0x000000000000c1fc                _isatty
 .text._kill    0x000000000000c20c       0x10 /Users/ismaelvillenagil/.platformio/packages/toolchain-gccarmnoneeabi/bin/../lib/gcc/arm-none-eabi/10.3.1/../../../../arm-none-eabi/lib/thumb/v7e-m+fp/hard/libnosys.a(kill.o)
                0x000000000000c20c                _kill
 .text._lseek   0x000000000000c21c       0x10 /Users/ismaelvillenagil/.platformio/packages/toolchain-gccarmnoneeabi/bin/../lib/gcc/arm-none-eabi/10.3.1/../../../../arm-none-eabi/lib/thumb/v7e-m+fp/hard/libnosys.a(lseek.o)
                0x000000000000c21c                _lseek
 .text._read    0x000000000000c22c       0x10 /Users/ismaelvillenagil/.platformio/packages/toolchain-gccarmnoneeabi/bin/../lib/gcc/arm-none-eabi/10.3.1/../../../../arm-none-eabi/lib/thumb/v7e-m+fp/hard/libnosys.a(read.o)
                0x000000000000c22c                _read
 .text._sbrk    0x000000000000c23c       0x1c /Users/ismaelvillenagil/.platformio/packages/toolchain-gccarmnoneeabi/bin/../lib/gcc/arm-none-eabi/10.3.1/../../../../arm-none-eabi/lib/thumb/v7e-m+fp/hard/libnosys.a(sbrk.o)
                0x000000000000c23c                _sbrk
 .text._exit    0x000000000000c258        0x4 /Users/ismaelvillenagil/.platformio/packages/toolchain-gccarmnoneeabi/bin/../lib/gcc/arm-none-eabi/10.3.1/../../../../arm-none-eabi/lib/thumb/v7e-m+fp/hard/libnosys.a(_exit.o)
                0x000000000000c258                _exit
 .text.startup.main
                0x000000000000c25c        0xa .pio/build/uno_r4_wifi/libFrameworkArduinoVariant.a(main.c.o)
                0x000000000000c25c                main
 .text.PINCOUNT_fn
                0x000000000000c266        0x4 .pio/build/uno_r4_wifi/libFrameworkArduinoVariant.a(variant.cpp.o)
                0x000000000000c266                PINCOUNT_fn
 .text._Z17__maybe_start_usbv
                0x000000000000c26a        0x2 .pio/build/uno_r4_wifi/libFrameworkArduinoVariant.a(variant.cpp.o)
                0x000000000000c26a                __maybe_start_usb()
 .text.initVariant
                0x000000000000c26c       0x9c .pio/build/uno_r4_wifi/libFrameworkArduinoVariant.a(variant.cpp.o)
                0x000000000000c26c                initVariant
 *(.version)
 .version       0x000000000000c308       0x50 /Users/ismaelvillenagil/.platformio/packages/framework-arduinorenesas-uno/variants/UNOWIFIR4/libs/libfsp.a(bsp_common.o)
 *(.init)
 *(.fini)
 *crtbegin.o(.ctors)
 *crtbegin?.o(.ctors)
 *(EXCLUDE_FILE(*crtend.o *crtend?.o) .ctors)
 *(SORT_BY_NAME(.ctors.*))
 *(.ctors)
 *crtbegin.o(.dtors)
 *crtbegin?.o(.dtors)
 *(EXCLUDE_FILE(*crtend.o *crtend?.o) .dtors)
 *(SORT_BY_NAME(.dtors.*))
 *(.dtors)
 *(.rodata*)
 .rodata.loop.str1.1
                0x000000000000c358       0x17 .pio/build/uno_r4_wifi/src/main.cpp.o
 *fill*         0x000000000000c36f        0x1 ff
 .rodata._ZTV4UART
                0x000000000000c370       0x34 .pio/build/uno_r4_wifi/libFrameworkArduino.a(Serial.cpp.o)
                0x000000000000c370                vtable for UART
 .rodata.CSWTCH.44
                0x000000000000c3a4        0x6 .pio/build/uno_r4_wifi/libFrameworkArduino.a(analog.cpp.o)
 .rodata.CSWTCH.72
                0x000000000000c3aa        0x5 .pio/build/uno_r4_wifi/libFrameworkArduino.a(analog.cpp.o)
 .rodata._ZN7arduino5Print7printlnEv.str1.1
                0x000000000000c3af        0x3 .pio/build/uno_r4_wifi/libFrameworkArduino.a(Print.cpp.o)
 .rodata._Z12arduino_mainv.str1.1
                0x000000000000c3b2       0x10 .pio/build/uno_r4_wifi/libFrameworkArduino.a(main.cpp.o)
 .rodata        0x000000000000c3c2        0xd .pio/build/uno_r4_wifi/libFrameworkArduino.a(main.cpp.o)
 .rodata.g_interrupt_event_link_select
                0x000000000000c3cf       0x20 .pio/build/uno_r4_wifi/libFrameworkArduino.a(vector_table.c.o)
                0x000000000000c3cf                g_interrupt_event_link_select
 .rodata.str1.1
                0x000000000000c3ef       0x20 .pio/build/uno_r4_wifi/libFrameworkArduino.a(cm_backtrace.c.o)
 .rodata.dump_stack.str1.1
                0x000000000000c40f       0x65 .pio/build/uno_r4_wifi/libFrameworkArduino.a(cm_backtrace.c.o)
                                         0x8d (size before relaxing)
 .rodata.cm_backtrace_init.str1.1
                0x000000000000c474       0x62 .pio/build/uno_r4_wifi/libFrameworkArduino.a(cm_backtrace.c.o)
 .rodata.cm_backtrace_firmware_info.str1.1
                0x000000000000c4d6       0x23 .pio/build/uno_r4_wifi/libFrameworkArduino.a(cm_backtrace.c.o)
 .rodata.print_call_stack.str1.1
                0x000000000000c4f9       0x65 .pio/build/uno_r4_wifi/libFrameworkArduino.a(cm_backtrace.c.o)
 .rodata.cm_backtrace_assert.str1.1
                0x000000000000c55e       0x26 .pio/build/uno_r4_wifi/libFrameworkArduino.a(cm_backtrace.c.o)
                                         0x28 (size before relaxing)
 .rodata.cm_backtrace_fault.str1.1
                0x000000000000c584      0x6ae .pio/build/uno_r4_wifi/libFrameworkArduino.a(cm_backtrace.c.o)
 .rodata.__FUNCTION__.0
                0x000000000000cc32       0x13 .pio/build/uno_r4_wifi/libFrameworkArduino.a(cm_backtrace.c.o)
 *fill*         0x000000000000cc45        0x3 ff
 .rodata.g_async_baud
                0x000000000000cc48        0xd /Users/ismaelvillenagil/.platformio/packages/framework-arduinorenesas-uno/variants/UNOWIFIR4/libs/libfsp.a(r_sci_uart.o)
 *fill*         0x000000000000cc55        0x3 ff
 .rodata.g_div_coefficient
                0x000000000000cc58       0x1a /Users/ismaelvillenagil/.platformio/packages/framework-arduinorenesas-uno/variants/UNOWIFIR4/libs/libfsp.a(r_sci_uart.o)
 *fill*         0x000000000000cc72        0x2 ff
 .rodata.g_vbatt_pins_input
                0x000000000000cc74        0x6 /Users/ismaelvillenagil/.platformio/packages/framework-arduinorenesas-uno/variants/UNOWIFIR4/libs/libfsp.a(r_ioport.o)
 *fill*         0x000000000000cc7a        0x2 ff
 .rodata.adc_elc_trigger_lut
                0x000000000000cc7c        0xc /Users/ismaelvillenagil/.platformio/packages/framework-arduinorenesas-uno/variants/UNOWIFIR4/libs/libfsp.a(r_adc.o)
 .rodata.g_prcr_masks
                0x000000000000cc88        0x8 /Users/ismaelvillenagil/.platformio/packages/framework-arduinorenesas-uno/variants/UNOWIFIR4/libs/libfsp.a(bsp_register_protection.o)
 .rodata._global_impure_ptr
                0x000000000000cc90        0x4 /Users/ismaelvillenagil/.platformio/packages/toolchain-gccarmnoneeabi/bin/../lib/gcc/arm-none-eabi/10.3.1/../../../../arm-none-eabi/lib/thumb/v7e-m+fp/hard/libc_nano.a(lib_a-impure.o)
                0x000000000000cc90                _global_impure_ptr
 .rodata.__sf_fake_stderr
                0x000000000000cc94       0x20 /Users/ismaelvillenagil/.platformio/packages/toolchain-gccarmnoneeabi/bin/../lib/gcc/arm-none-eabi/10.3.1/../../../../arm-none-eabi/lib/thumb/v7e-m+fp/hard/libc_nano.a(lib_a-findfp.o)
                0x000000000000cc94                __sf_fake_stderr
 .rodata.__sf_fake_stdin
                0x000000000000ccb4       0x20 /Users/ismaelvillenagil/.platformio/packages/toolchain-gccarmnoneeabi/bin/../lib/gcc/arm-none-eabi/10.3.1/../../../../arm-none-eabi/lib/thumb/v7e-m+fp/hard/libc_nano.a(lib_a-findfp.o)
                0x000000000000ccb4                __sf_fake_stdin
 .rodata.__sf_fake_stdout
                0x000000000000ccd4       0x20 /Users/ismaelvillenagil/.platformio/packages/toolchain-gccarmnoneeabi/bin/../lib/gcc/arm-none-eabi/10.3.1/../../../../arm-none-eabi/lib/thumb/v7e-m+fp/hard/libc_nano.a(lib_a-findfp.o)
                0x000000000000ccd4                __sf_fake_stdout
 .rodata._svfprintf_r.str1.1
                0x000000000000ccf4       0x11 /Users/ismaelvillenagil/.platformio/packages/toolchain-gccarmnoneeabi/bin/../lib/gcc/arm-none-eabi/10.3.1/../../../../arm-none-eabi/lib/thumb/v7e-m+fp/hard/libc_nano.a(lib_a-nano-svfprintf.o)
 .rodata._vfprintf_r.str1.1
                0x000000000000cd05       0x11 /Users/ismaelvillenagil/.platformio/packages/toolchain-gccarmnoneeabi/bin/../lib/gcc/arm-none-eabi/10.3.1/../../../../arm-none-eabi/lib/thumb/v7e-m+fp/hard/libc_nano.a(lib_a-nano-vfprintf.o)
 .rodata._printf_i.str1.1
                0x000000000000cd05       0x22 /Users/ismaelvillenagil/.platformio/packages/toolchain-gccarmnoneeabi/bin/../lib/gcc/arm-none-eabi/10.3.1/../../../../arm-none-eabi/lib/thumb/v7e-m+fp/hard/libc_nano.a(lib_a-nano-vfprintf_i.o)
 *fill*         0x000000000000cd27        0x1 ff
 .rodata._ZL4P000
                0x000000000000cd28        0x4 .pio/build/uno_r4_wifi/libFrameworkArduinoVariant.a(variant.cpp.o)
 .rodata._ZL4P001
                0x000000000000cd2c        0x4 .pio/build/uno_r4_wifi/libFrameworkArduinoVariant.a(variant.cpp.o)
 .rodata._ZL4P002
                0x000000000000cd30        0x4 .pio/build/uno_r4_wifi/libFrameworkArduinoVariant.a(variant.cpp.o)
 .rodata._ZL4P003
                0x000000000000cd34        0x2 .pio/build/uno_r4_wifi/libFrameworkArduinoVariant.a(variant.cpp.o)
 .rodata._ZL4P004
                0x000000000000cd36        0x4 .pio/build/uno_r4_wifi/libFrameworkArduinoVariant.a(variant.cpp.o)
 .rodata._ZL4P011
                0x000000000000cd3a        0x4 .pio/build/uno_r4_wifi/libFrameworkArduinoVariant.a(variant.cpp.o)
 .rodata._ZL4P012
                0x000000000000cd3e        0x2 .pio/build/uno_r4_wifi/libFrameworkArduinoVariant.a(variant.cpp.o)
 .rodata._ZL4P013
                0x000000000000cd40        0x2 .pio/build/uno_r4_wifi/libFrameworkArduinoVariant.a(variant.cpp.o)
 .rodata._ZL4P015
                0x000000000000cd42        0x4 .pio/build/uno_r4_wifi/libFrameworkArduinoVariant.a(variant.cpp.o)
 .rodata._ZL4P100
                0x000000000000cd46        0xe .pio/build/uno_r4_wifi/libFrameworkArduinoVariant.a(variant.cpp.o)
 .rodata._ZL4P101
                0x000000000000cd54        0xe .pio/build/uno_r4_wifi/libFrameworkArduinoVariant.a(variant.cpp.o)
 .rodata._ZL4P102
                0x000000000000cd62        0xc .pio/build/uno_r4_wifi/libFrameworkArduinoVariant.a(variant.cpp.o)
 .rodata._ZL4P103
                0x000000000000cd6e        0x8 .pio/build/uno_r4_wifi/libFrameworkArduinoVariant.a(variant.cpp.o)
 .rodata._ZL4P104
                0x000000000000cd76        0x6 .pio/build/uno_r4_wifi/libFrameworkArduinoVariant.a(variant.cpp.o)
 .rodata._ZL4P105
                0x000000000000cd7c        0x4 .pio/build/uno_r4_wifi/libFrameworkArduinoVariant.a(variant.cpp.o)
 .rodata._ZL4P106
                0x000000000000cd80        0x2 .pio/build/uno_r4_wifi/libFrameworkArduinoVariant.a(variant.cpp.o)
 .rodata._ZL4P107
                0x000000000000cd82        0x2 .pio/build/uno_r4_wifi/libFrameworkArduinoVariant.a(variant.cpp.o)
 .rodata._ZL4P109
                0x000000000000cd84        0xa .pio/build/uno_r4_wifi/libFrameworkArduinoVariant.a(variant.cpp.o)
 .rodata._ZL4P110
                0x000000000000cd8e        0xc .pio/build/uno_r4_wifi/libFrameworkArduinoVariant.a(variant.cpp.o)
 .rodata._ZL4P111
                0x000000000000cd9a        0xa .pio/build/uno_r4_wifi/libFrameworkArduinoVariant.a(variant.cpp.o)
 .rodata._ZL4P112
                0x000000000000cda4        0x6 .pio/build/uno_r4_wifi/libFrameworkArduinoVariant.a(variant.cpp.o)
 .rodata._ZL4P204
                0x000000000000cdaa        0xa .pio/build/uno_r4_wifi/libFrameworkArduinoVariant.a(variant.cpp.o)
 .rodata._ZL4P205
                0x000000000000cdb4        0xa .pio/build/uno_r4_wifi/libFrameworkArduinoVariant.a(variant.cpp.o)
 .rodata._ZL4P206
                0x000000000000cdbe        0x6 .pio/build/uno_r4_wifi/libFrameworkArduinoVariant.a(variant.cpp.o)
 .rodata._ZL4P212
                0x000000000000cdc4        0x6 .pio/build/uno_r4_wifi/libFrameworkArduinoVariant.a(variant.cpp.o)
 .rodata._ZL4P213
                0x000000000000cdca        0x6 .pio/build/uno_r4_wifi/libFrameworkArduinoVariant.a(variant.cpp.o)
 .rodata._ZL4P301
                0x000000000000cdd0        0x8 .pio/build/uno_r4_wifi/libFrameworkArduinoVariant.a(variant.cpp.o)
 .rodata._ZL4P302
                0x000000000000cdd8        0x6 .pio/build/uno_r4_wifi/libFrameworkArduinoVariant.a(variant.cpp.o)
 .rodata._ZL4P303
                0x000000000000cdde        0x2 .pio/build/uno_r4_wifi/libFrameworkArduinoVariant.a(variant.cpp.o)
 .rodata._ZL4P304
                0x000000000000cde0        0x4 .pio/build/uno_r4_wifi/libFrameworkArduinoVariant.a(variant.cpp.o)
 .rodata._ZL4P401
                0x000000000000cde4        0xa .pio/build/uno_r4_wifi/libFrameworkArduinoVariant.a(variant.cpp.o)
 .rodata._ZL4P410
                0x000000000000cdee        0x8 .pio/build/uno_r4_wifi/libFrameworkArduinoVariant.a(variant.cpp.o)
 .rodata._ZL4P411
                0x000000000000cdf6        0x8 .pio/build/uno_r4_wifi/libFrameworkArduinoVariant.a(variant.cpp.o)
 .rodata._ZL4P500
                0x000000000000cdfe        0x4 .pio/build/uno_r4_wifi/libFrameworkArduinoVariant.a(variant.cpp.o)
 .rodata._ZL4P501
                0x000000000000ce02        0x8 .pio/build/uno_r4_wifi/libFrameworkArduinoVariant.a(variant.cpp.o)
 .rodata._ZL4P502
                0x000000000000ce0a        0x8 .pio/build/uno_r4_wifi/libFrameworkArduinoVariant.a(variant.cpp.o)
 .rodata._ZL6P014_b
                0x000000000000ce12        0x4 .pio/build/uno_r4_wifi/libFrameworkArduinoVariant.a(variant.cpp.o)
 .rodata._ZL6P400_b
                0x000000000000ce16        0x8 .pio/build/uno_r4_wifi/libFrameworkArduinoVariant.a(variant.cpp.o)
 .rodata._ZL6P408_b
                0x000000000000ce1e        0x8 .pio/build/uno_r4_wifi/libFrameworkArduinoVariant.a(variant.cpp.o)
 *fill*         0x000000000000ce26        0x2 ff
 .rodata.g_pin_cfg
                0x000000000000ce28      0x138 .pio/build/uno_r4_wifi/libFrameworkArduinoVariant.a(variant.cpp.o)
                0x000000000000ce28                g_pin_cfg
 *(.eh_frame*)
                0x000000000000cf60                __ROM_End = .
                0x00000000000000c0                __Vectors_Size = (__Vectors_End - __Vectors)

.glue_7         0x000000000000cf60        0x0
 .glue_7        0x000000000000cf60        0x0 linker stubs

.glue_7t        0x000000000000cf60        0x0
 .glue_7t       0x000000000000cf60        0x0 linker stubs

.vfp11_veneer   0x000000000000cf60        0x0
 .vfp11_veneer  0x000000000000cf60        0x0 linker stubs

.v4_bx          0x000000000000cf60        0x0
 .v4_bx         0x000000000000cf60        0x0 linker stubs

.iplt           0x000000000000cf60        0x0
 .iplt          0x000000000000cf60        0x0 .pio/build/uno_r4_wifi/src/main.cpp.o

.ARM.extab
 *(.ARM.extab* .gnu.linkonce.armextab.*)
                0x000000000000cf60                __exidx_start = .

.ARM.exidx      0x000000000000cf60        0x8
 *(.ARM.exidx* .gnu.linkonce.armexidx.*)
 .ARM.exidx.text.__udivmoddi4
                0x000000000000cf60        0x8 /Users/ismaelvillenagil/.platformio/packages/toolchain-gccarmnoneeabi/bin/../lib/gcc/arm-none-eabi/10.3.1/thumb/v7e-m+fp/hard/libgcc.a(_udivmoddi4.o)
 .ARM.exidx.text._close
                0x000000000000cf68        0x0 /Users/ismaelvillenagil/.platformio/packages/toolchain-gccarmnoneeabi/bin/../lib/gcc/arm-none-eabi/10.3.1/../../../../arm-none-eabi/lib/thumb/v7e-m+fp/hard/libnosys.a(close.o)
                                          0x8 (size before relaxing)